Component: ARM Compiler 5.06 update 5 (build 528) Tool: armlink [4d35e2]

==============================================================================

Section Cross References

    mbed/TARGET_NUCLEO_L073RZ/TOOLCHAIN_ARM_STD/analogin_api.o(i.adc_read) refers to mbed/TARGET_NUCLEO_L073RZ/TOOLCHAIN_ARM_STD/stm32l0xx_hal_adc.o(i.HAL_ADC_ConfigChannel) for HAL_ADC_ConfigChannel
    mbed/TARGET_NUCLEO_L073RZ/TOOLCHAIN_ARM_STD/analogin_api.o(i.adc_read) refers to mbed/TARGET_NUCLEO_L073RZ/TOOLCHAIN_ARM_STD/stm32l0xx_hal_adc.o(i.HAL_ADC_Start) for HAL_ADC_Start
    mbed/TARGET_NUCLEO_L073RZ/TOOLCHAIN_ARM_STD/analogin_api.o(i.adc_read) refers to mbed/TARGET_NUCLEO_L073RZ/TOOLCHAIN_ARM_STD/stm32l0xx_hal_adc.o(i.HAL_ADC_PollForConversion) for HAL_ADC_PollForConversion
    mbed/TARGET_NUCLEO_L073RZ/TOOLCHAIN_ARM_STD/analogin_api.o(i.adc_read) refers to mbed/TARGET_NUCLEO_L073RZ/TOOLCHAIN_ARM_STD/stm32l0xx_hal_adc.o(i.HAL_ADC_GetValue) for HAL_ADC_GetValue
    mbed/TARGET_NUCLEO_L073RZ/TOOLCHAIN_ARM_STD/analogin_api.o(i.analogin_init) refers to mbed/TARGET_NUCLEO_L073RZ/TOOLCHAIN_ARM_STD/mbed.ar(mbed_pinmap_common.o)(i.pinmap_peripheral) for pinmap_peripheral
    mbed/TARGET_NUCLEO_L073RZ/TOOLCHAIN_ARM_STD/analogin_api.o(i.analogin_init) refers to mbed/TARGET_NUCLEO_L073RZ/TOOLCHAIN_ARM_STD/mbed.ar(mbed_pinmap_common.o)(i.pinmap_function) for pinmap_function
    mbed/TARGET_NUCLEO_L073RZ/TOOLCHAIN_ARM_STD/analogin_api.o(i.analogin_init) refers to mbed/TARGET_NUCLEO_L073RZ/TOOLCHAIN_ARM_STD/mbed.ar(mbed_pinmap_common.o)(i.pinmap_pinout) for pinmap_pinout
    mbed/TARGET_NUCLEO_L073RZ/TOOLCHAIN_ARM_STD/analogin_api.o(i.analogin_init) refers to mbed/TARGET_NUCLEO_L073RZ/TOOLCHAIN_ARM_STD/mbed.ar(mbed_assert.o)(i.mbed_assert_internal) for mbed_assert_internal
    mbed/TARGET_NUCLEO_L073RZ/TOOLCHAIN_ARM_STD/analogin_api.o(i.analogin_init) refers to mbed/TARGET_NUCLEO_L073RZ/TOOLCHAIN_ARM_STD/stm32l0xx_hal_adc.o(i.HAL_ADC_Init) for HAL_ADC_Init
    mbed/TARGET_NUCLEO_L073RZ/TOOLCHAIN_ARM_STD/analogin_api.o(i.analogin_init) refers to mbed/TARGET_NUCLEO_L073RZ/TOOLCHAIN_ARM_STD/mbed.ar(mbed_error.o)(i.error) for error
    mbed/TARGET_NUCLEO_L073RZ/TOOLCHAIN_ARM_STD/analogin_api.o(i.analogin_init) refers to mbed/TARGET_NUCLEO_L073RZ/TOOLCHAIN_ARM_STD/stm32l0xx_hal_adc_ex.o(i.HAL_ADCEx_Calibration_Start) for HAL_ADCEx_Calibration_Start
    mbed/TARGET_NUCLEO_L073RZ/TOOLCHAIN_ARM_STD/analogin_api.o(i.analogin_init) refers to mbed/TARGET_NUCLEO_L073RZ/TOOLCHAIN_ARM_STD/PeripheralPins.o(.constdata) for PinMap_ADC
    mbed/TARGET_NUCLEO_L073RZ/TOOLCHAIN_ARM_STD/analogin_api.o(i.analogin_init) refers to mbed/TARGET_NUCLEO_L073RZ/TOOLCHAIN_ARM_STD/PeripheralPins.o(.constdata) for PinMap_ADC_Internal
    mbed/TARGET_NUCLEO_L073RZ/TOOLCHAIN_ARM_STD/analogin_api.o(i.analogin_init) refers to mbed/TARGET_NUCLEO_L073RZ/TOOLCHAIN_ARM_STD/analogin_api.o(.conststring) for .conststring
    mbed/TARGET_NUCLEO_L073RZ/TOOLCHAIN_ARM_STD/analogin_api.o(i.analogin_init) refers to mbed/TARGET_NUCLEO_L073RZ/TOOLCHAIN_ARM_STD/analogin_api.o(.data) for .data
    mbed/TARGET_NUCLEO_L073RZ/TOOLCHAIN_ARM_STD/analogin_api.o(i.analogin_read) refers to mbed/TARGET_NUCLEO_L073RZ/TOOLCHAIN_ARM_STD/analogin_api.o(i.adc_read) for adc_read
    mbed/TARGET_NUCLEO_L073RZ/TOOLCHAIN_ARM_STD/analogin_api.o(i.analogin_read) refers to C:\Keil_v5\ARM\ARMCC\Bin\..\lib\armlib\fz_ps.l(fflti.o)(.text) for __aeabi_ui2f
    mbed/TARGET_NUCLEO_L073RZ/TOOLCHAIN_ARM_STD/analogin_api.o(i.analogin_read) refers to C:\Keil_v5\ARM\ARMCC\Bin\..\lib\armlib\fz_ps.l(fmul.o)(x$fpl$fmul) for __aeabi_fmul
    mbed/TARGET_NUCLEO_L073RZ/TOOLCHAIN_ARM_STD/analogin_api.o(i.analogin_read_u16) refers to mbed/TARGET_NUCLEO_L073RZ/TOOLCHAIN_ARM_STD/analogin_api.o(i.adc_read) for adc_read
    mbed/TARGET_NUCLEO_L073RZ/TOOLCHAIN_ARM_STD/analogout_api.o(i.analogout_read) refers to mbed/TARGET_NUCLEO_L073RZ/TOOLCHAIN_ARM_STD/stm32l0xx_hal_dac_ex.o(i.HAL_DAC_GetValue) for HAL_DAC_GetValue
    mbed/TARGET_NUCLEO_L073RZ/TOOLCHAIN_ARM_STD/analogout_api.o(i.analogout_read) refers to C:\Keil_v5\ARM\ARMCC\Bin\..\lib\armlib\fz_ps.l(fflti.o)(.text) for __aeabi_ui2f
    mbed/TARGET_NUCLEO_L073RZ/TOOLCHAIN_ARM_STD/analogout_api.o(i.analogout_read) refers to C:\Keil_v5\ARM\ARMCC\Bin\..\lib\armlib\fz_ps.l(fmul.o)(x$fpl$fmul) for __aeabi_fmul
    mbed/TARGET_NUCLEO_L073RZ/TOOLCHAIN_ARM_STD/analogout_api.o(i.analogout_read_u16) refers to mbed/TARGET_NUCLEO_L073RZ/TOOLCHAIN_ARM_STD/stm32l0xx_hal_dac_ex.o(i.HAL_DAC_GetValue) for HAL_DAC_GetValue
    mbed/TARGET_NUCLEO_L073RZ/TOOLCHAIN_ARM_STD/analogout_api.o(i.analogout_write) refers to mbed/TARGET_NUCLEO_L073RZ/TOOLCHAIN_ARM_STD/stm32l0xx_hal_dac_ex.o(i.HAL_DAC_SetValue) for HAL_DAC_SetValue
    mbed/TARGET_NUCLEO_L073RZ/TOOLCHAIN_ARM_STD/analogout_api.o(i.analogout_write) refers to mbed/TARGET_NUCLEO_L073RZ/TOOLCHAIN_ARM_STD/stm32l0xx_hal_dac_ex.o(i.HAL_DAC_Start) for HAL_DAC_Start
[...]
    __printf                                 0x080016a5   Thumb Code   386  C:\Keil_v5\ARM\ARMCC\Bin\..\lib\armlib\c_p.l(__printf_flags_ss_wp.o)(.text)
    ferror                                   0x0800182d   Thumb Code     8  C:\Keil_v5\ARM\ARMCC\Bin\..\lib\armlib\c_p.l(ferror.o)(.text)
    _fseek                                   0x08001835   Thumb Code   240  C:\Keil_v5\ARM\ARMCC\Bin\..\lib\armlib\c_p.l(fseek.o)(.text)
    fseek                                    0x08001835   Thumb Code     0  C:\Keil_v5\ARM\ARMCC\Bin\..\lib\armlib\c_p.l(fseek.o)(.text)
    setvbuf                                  0x08001929   Thumb Code    72  C:\Keil_v5\ARM\ARMCC\Bin\..\lib\armlib\c_p.l(setvbuf.o)(.text)
    _seterr                                  0x08001975   Thumb Code    20  C:\Keil_v5\ARM\ARMCC\Bin\..\lib\armlib\c_p.l(stdio.o)(.text)
    _writebuf                                0x08001989   Thumb Code    76  C:\Keil_v5\ARM\ARMCC\Bin\..\lib\armlib\c_p.l(stdio.o)(.text)
    _fflush                                  0x080019d5   Thumb Code    76  C:\Keil_v5\ARM\ARMCC\Bin\..\lib\armlib\c_p.l(stdio.o)(.text)
    _deferredlazyseek                        0x08001a21   Thumb Code    60  C:\Keil_v5\ARM\ARMCC\Bin\..\lib\armlib\c_p.l(stdio.o)(.text)
    _initio                                  0x08001a65   Thumb Code   216  C:\Keil_v5\ARM\ARMCC\Bin\..\lib\armlib\c_p.l(initio.o)(.text)
    _terminateio                             0x08001b3d   Thumb Code    56  C:\Keil_v5\ARM\ARMCC\Bin\..\lib\armlib\c_p.l(initio.o)(.text)
    _fclose_internal                         0x08001ba1   Thumb Code    72  C:\Keil_v5\ARM\ARMCC\Bin\..\lib\armlib\c_p.l(fclose.o)(.text)
    fclose                                   0x08001ba1   Thumb Code     0  C:\Keil_v5\ARM\ARMCC\Bin\..\lib\armlib\c_p.l(fclose.o)(.text)
    __Heap_ProvideMemory                     0x08001bed   Thumb Code    52  C:\Keil_v5\ARM\ARMCC\Bin\..\lib\armlib\c_p.l(h1_extend.o)(.text)
    _ll_udiv10                               0x08001c21   Thumb Code   122  C:\Keil_v5\ARM\ARMCC\Bin\..\lib\armlib\c_p.l(lludiv10.o)(.text)
    _printf_int_common                       0x08001c9b   Thumb Code   176  C:\Keil_v5\ARM\ARMCC\Bin\..\lib\armlib\c_p.l(_printf_intcommon.o)(.text)
    __lib_sel_fp_printf                      0x08001d4d   Thumb Code     2  C:\Keil_v5\ARM\ARMCC\Bin\..\lib\armlib\c_p.l(_printf_fp_dec.o)(.text)
    _printf_fp_dec_real                      0x08001eeb   Thumb Code   620  C:\Keil_v5\ARM\ARMCC\Bin\..\lib\armlib\c_p.l(_printf_fp_dec.o)(.text)
    _printf_fp_hex_real                      0x08002165   Thumb Code   718  C:\Keil_v5\ARM\ARMCC\Bin\..\lib\armlib\c_p.l(_printf_fp_hex.o)(.text)
    _printf_cs_common                        0x0800243d   Thumb Code    22  C:\Keil_v5\ARM\ARMCC\Bin\..\lib\armlib\c_p.l(_printf_char.o)(.text)
    _printf_char                             0x08002453   Thumb Code    16  C:\Keil_v5\ARM\ARMCC\Bin\..\lib\armlib\c_p.l(_printf_char.o)(.text)
    _printf_string                           0x08002463   Thumb Code     8  C:\Keil_v5\ARM\ARMCC\Bin\..\lib\armlib\c_p.l(_printf_char.o)(.text)
    _printf_lcs_common                       0x0800246b   Thumb Code    22  C:\Keil_v5\ARM\ARMCC\Bin\..\lib\armlib\c_p.l(_printf_wchar.o)(.text)
    _printf_wchar                            0x08002481   Thumb Code    16  C:\Keil_v5\ARM\ARMCC\Bin\..\lib\armlib\c_p.l(_printf_wchar.o)(.text)
    _printf_wstring                          0x08002491   Thumb Code     8  C:\Keil_v5\ARM\ARMCC\Bin\..\lib\armlib\c_p.l(_printf_wchar.o)(.text)
    _ftell_internal                          0x08002499   Thumb Code    66  C:\Keil_v5\ARM\ARMCC\Bin\..\lib\armlib\c_p.l(ftell.o)(.text)
    ftell                                    0x08002499   Thumb Code     0  C:\Keil_v5\ARM\ARMCC\Bin\..\lib\armlib\c_p.l(ftell.o)(.text)
    _wcrtomb                                 0x080024db   Thumb Code    64  C:\Keil_v5\ARM\ARMCC\Bin\..\lib\armlib\c_p.l(_wcrtomb.o)(.text)
    __rt_SIGRTRED                            0x0800251b   Thumb Code    12  C:\Keil_v5\ARM\ARMCC\Bin\..\lib\armlib\c_p.l(defsig_rtred_outer.o)(.text)
    __rt_SIGRTMEM                            0x08002527   Thumb Code    12  C:\Keil_v5\ARM\ARMCC\Bin\..\lib\armlib\c_p.l(defsig_rtmem_outer.o)(.text)
    __rt_udiv10                              0x08002533   Thumb Code    40  C:\Keil_v5\ARM\ARMCC\Bin\..\lib\armlib\c_p.l(rtudiv10.o)(.text)
    __rt_heap_escrow                         0x0800255d   Thumb Code    24  C:\Keil_v5\ARM\ARMCC\Bin\..\lib\armlib\c_p.l(heapauxa.o)(.text)
    __rt_heap_expand                         0x08002575   Thumb Code    52  C:\Keil_v5\ARM\ARMCC\Bin\..\lib\armlib\c_p.l(heapauxa.o)(.text)
    __rt_ctype_table                         0x080025ad   Thumb Code    16  C:\Keil_v5\ARM\ARMCC\Bin\..\lib\armlib\c_p.l(rt_ctype_table.o)(.text)
    __rt_locale                              0x080025bd   Thumb Code     8  C:\Keil_v5\ARM\ARMCC\Bin\..\lib\armlib\c_p.l(rt_locale.o)(.text)
    _printf_fp_infnan                        0x080025c5   Thumb Code   120  C:\Keil_v5\ARM\ARMCC\Bin\..\lib\armlib\c_p.l(_printf_fp_infnan.o)(.text)
    _btod_etento                             0x0800264d   Thumb Code   210  C:\Keil_v5\ARM\ARMCC\Bin\..\lib\armlib\c_p.l(bigflt0.o)(.text)
    _btod_d2e                                0x08002725   Thumb Code    64  C:\Keil_v5\ARM\ARMCC\Bin\..\lib\armlib\c_p.l(btod.o)(.text)
    _btod_emul                               0x08002b59   Thumb Code    28  C:\Keil_v5\ARM\ARMCC\Bin\..\lib\armlib\c_p.l(btod.o)(.text)
    _btod_emuld                              0x08002b75   Thumb Code   144  C:\Keil_v5\ARM\ARMCC\Bin\..\lib\armlib\c_p.l(btod.o)(.text)
    _btod_ediv                               0x08002c05   Thumb Code    26  C:\Keil_v5\ARM\ARMCC\Bin\..\lib\armlib\c_p.l(btod.o)(.text)
    _btod_edivd                              0x08002c1f   Thumb Code   124  C:\Keil_v5\ARM\ARMCC\Bin\..\lib\armlib\c_p.l(btod.o)(.text)
    __flsbuf                                 0x08002ca5   Thumb Code   486  C:\Keil_v5\ARM\ARMCC\Bin\..\lib\armlib\c_p.l(flsbuf.o)(.text)
    __flsbuf_byte                            0x08002ca5   Thumb Code     0  C:\Keil_v5\ARM\ARMCC\Bin\..\lib\armlib\c_p.l(flsbuf.o)(.text)
    __flsbuf_wide                            0x08002ca5   Thumb Code     0  C:\Keil_v5\ARM\ARMCC\Bin\..\lib\armlib\c_p.l(flsbuf.o)(.text)
    __sig_exit                               0x08002e95   Thumb Code    12  C:\Keil_v5\ARM\ARMCC\Bin\..\lib\armlib\c_p.l(defsig_exit.o)(.text)
    __rt_SIGRTRED_inner                      0x08002ea1   Thumb Code    14  C:\Keil_v5\ARM\ARMCC\Bin\..\lib\armlib\c_p.l(defsig_rtred_inner.o)(.text)
    __rt_SIGRTMEM_inner                      0x08002ed5   Thumb Code    22  C:\Keil_v5\ARM\ARMCC\Bin\..\lib\armlib\c_p.l(defsig_rtmem_inner.o)(.text)
    _sys_exit                                0x08002f25   Thumb Code     8  C:\Keil_v5\ARM\ARMCC\Bin\..\lib\armlib\c_p.l(sys_exit.o)(.text)
    __default_signal_display                 0x08002f31   Thumb Code    52  C:\Keil_v5\ARM\ARMCC\Bin\..\lib\armlib\c_p.l(defsig_general.o)(.text)
    _ttywrch                                 0x08002f65   Thumb Code    12  C:\Keil_v5\ARM\ARMCC\Bin\..\lib\armlib\c_p.l(sys_wrch.o)(.text)
    __I$use$semihosting                      0x08002f71   Thumb Code     0  C:\Keil_v5\ARM\ARMCC\Bin\..\lib\armlib\c_p.l(use_no_semi.o)(.text)
    __use_no_semihosting_swi                 0x08002f71   Thumb Code     2  C:\Keil_v5\ARM\ARMCC\Bin\..\lib\armlib\c_p.l(use_no_semi.o)(.text)
    __semihosting_library_function           0x08002f73   Thumb Code     0  C:\Keil_v5\ARM\ARMCC\Bin\..\lib\armlib\c_p.l(indicate_semi.o)(.text)
    main                                     0x08002f73   Thumb Code    12  mbed/TARGET_NUCLEO_L073RZ/TOOLCHAIN_ARM_STD/mbed_sdk_boot.o(i.$Sub$$main)
    HAL_GetTick                              0x08002f81   Thumb Code     6  mbed/TARGET_NUCLEO_L073RZ/TOOLCHAIN_ARM_STD/stm32l0xx_hal.o(i.HAL_GetTick)
    HAL_IncTick                              0x08002f8d   Thumb Code    10  mbed/TARGET_NUCLEO_L073RZ/TOOLCHAIN_ARM_STD/stm32l0xx_hal.o(i.HAL_IncTick)
    HAL_Init                                 0x08002f9d   Thumb Code    26  mbed/TARGET_NUCLEO_L073RZ/TOOLCHAIN_ARM_STD/stm32l0xx_hal.o(i.HAL_Init)
    HAL_InitTick                             0x08002fbd   Thumb Code   140  mbed/TARGET_NUCLEO_L073RZ/TOOLCHAIN_ARM_STD/hal_tick_16b.o(i.HAL_InitTick)
    HAL_MspInit                              0x08003071   Thumb Code     2  mbed/TARGET_NUCLEO_L073RZ/TOOLCHAIN_ARM_STD/stm32l0xx_hal.o(i.HAL_MspInit)
    HAL_RCCEx_PeriphCLKConfig                0x08003075   Thumb Code   392  mbed/TARGET_NUCLEO_L073RZ/TOOLCHAIN_ARM_STD/stm32l0xx_hal_rcc_ex.o(i.HAL_RCCEx_PeriphCLKConfig)
    HAL_RCC_ClockConfig                      0x08003211   Thumb Code   382  mbed/TARGET_NUCLEO_L073RZ/TOOLCHAIN_ARM_STD/stm32l0xx_hal_rcc.o(i.HAL_RCC_ClockConfig)
    HAL_RCC_GetPCLK1Freq                     0x080033a5   Thumb Code    20  mbed/TARGET_NUCLEO_L073RZ/TOOLCHAIN_ARM_STD/stm32l0xx_hal_rcc.o(i.HAL_RCC_GetPCLK1Freq)
    HAL_RCC_GetPCLK2Freq                     0x080033c5   Thumb Code    20  mbed/TARGET_NUCLEO_L073RZ/TOOLCHAIN_ARM_STD/stm32l0xx_hal_rcc.o(i.HAL_RCC_GetPCLK2Freq)
    HAL_RCC_GetSysClockFreq                  0x080033e5   Thumb Code   120  mbed/TARGET_NUCLEO_L073RZ/TOOLCHAIN_ARM_STD/stm32l0xx_hal_rcc.o(i.HAL_RCC_GetSysClockFreq)
    HAL_RCC_OscConfig                        0x08003475   Thumb Code  1204  mbed/TARGET_NUCLEO_L073RZ/TOOLCHAIN_ARM_STD/stm32l0xx_hal_rcc.o(i.HAL_RCC_OscConfig)
    HAL_TIM_Base_Init                        0x08003929   Thumb Code    50  mbed/TARGET_NUCLEO_L073RZ/TOOLCHAIN_ARM_STD/stm32l0xx_hal_tim.o(i.HAL_TIM_Base_Init)
    HAL_TIM_Base_MspInit                     0x0800395b   Thumb Code     2  mbed/TARGET_NUCLEO_L073RZ/TOOLCHAIN_ARM_STD/stm32l0xx_hal_tim.o(i.HAL_TIM_Base_MspInit)
    HAL_TIM_Base_Start                       0x0800395d   Thumb Code    24  mbed/TARGET_NUCLEO_L073RZ/TOOLCHAIN_ARM_STD/stm32l0xx_hal_tim.o(i.HAL_TIM_Base_Start)
    HAL_TIM_GenerateEvent                    0x08003975   Thumb Code    38  mbed/TARGET_NUCLEO_L073RZ/TOOLCHAIN_ARM_STD/stm32l0xx_hal_tim.o(i.HAL_TIM_GenerateEvent)
    HAL_TIM_OC_Start                         0x0800399b   Thumb Code    36  mbed/TARGET_NUCLEO_L073RZ/TOOLCHAIN_ARM_STD/stm32l0xx_hal_tim.o(i.HAL_TIM_OC_Start)
    HAL_UART_Init                            0x080039bf   Thumb Code   102  mbed/TARGET_NUCLEO_L073RZ/TOOLCHAIN_ARM_STD/stm32l0xx_hal_uart.o(i.HAL_UART_Init)
    HAL_UART_MspInit                         0x08003a25   Thumb Code     2  mbed/TARGET_NUCLEO_L073RZ/TOOLCHAIN_ARM_STD/stm32l0xx_hal_uart.o(i.HAL_UART_MspInit)
    SetSysClock                              0x08003a29   Thumb Code   132  mbed/TARGET_NUCLEO_L073RZ/TOOLCHAIN_ARM_STD/system_clock.o(i.SetSysClock)
    SetSysClock_PLL_HSE                      0x08003ab5   Thumb Code   156  mbed/TARGET_NUCLEO_L073RZ/TOOLCHAIN_ARM_STD/system_clock.o(i.SetSysClock_PLL_HSE)
    Set_GPIO_Clock                           0x08003b59   Thumb Code   148  mbed/TARGET_NUCLEO_L073RZ/TOOLCHAIN_ARM_STD/gpio_api.o(i.Set_GPIO_Clock)
    SystemCoreClockUpdate                    0x08003c29   Thumb Code   114  mbed/TARGET_NUCLEO_L073RZ/TOOLCHAIN_ARM_STD/system_stm32l0xx.o(i.SystemCoreClockUpdate)
    SystemInit                               0x08003cb9   Thumb Code    66  mbed/TARGET_NUCLEO_L073RZ/TOOLCHAIN_ARM_STD/system_clock.o(i.SystemInit)
    UART_AdvFeatureConfig                    0x08003d6d   Thumb Code   204  mbed/TARGET_NUCLEO_L073RZ/TOOLCHAIN_ARM_STD/stm32l0xx_hal_uart.o(i.UART_AdvFeatureConfig)
    UART_CheckIdleState                      0x08003e39   Thumb Code    82  mbed/TARGET_NUCLEO_L073RZ/TOOLCHAIN_ARM_STD/stm32l0xx_hal_uart.o(i.UART_CheckIdleState)
    UART_SetConfig                           0x08003e91   Thumb Code   778  mbed/TARGET_NUCLEO_L073RZ/TOOLCHAIN_ARM_STD/stm32l0xx_hal_uart.o(i.UART_SetConfig)
    UART_WaitOnFlagUntilTimeout              0x080041d1   Thumb Code   212  mbed/TARGET_NUCLEO_L073RZ/TOOLCHAIN_ARM_STD/stm32l0xx_hal_uart.o(i.UART_WaitOnFlagUntilTimeout)
    config_RTC(int)                          0x080042a5   Thumb Code   180  .\build\main.o(i._Z10config_RTCi)
    config_EXTI()                            0x08004365   Thumb Code    60  .\build\main.o(i._Z11config_EXTIv)
    standby_mode(int)                        0x080043a9   Thumb Code    26  .\build\main.o(i._Z12standby_modei)
    enter_Standby()                          0x080043c5   Thumb Code    26  .\build\main.o(i._Z13enter_Standbyv)
    config_LowPower()                        0x080043e5   Thumb Code    52  .\build\main.o(i._Z15config_LowPowerv)
    mbed::FileBase::getPathType()            0x08004495   Thumb Code     4  mbed/TARGET_NUCLEO_L073RZ/TOOLCHAIN_ARM_STD/mbed.ar(FileBase.o)(i._ZN4mbed8FileBase11getPathTypeEv)
    mbed::FileBase::lookup(const char*, unsigned) 0x08004499   Thumb Code    96  mbed/TARGET_NUCLEO_L073RZ/TOOLCHAIN_ARM_STD/mbed.ar(FileBase.o)(i._ZN4mbed8FileBase6lookupEPKcj)
    mbed::FilePath::fileSystem()             0x08004509   Thumb Code    32  mbed/TARGET_NUCLEO_L073RZ/TOOLCHAIN_ARM_STD/mbed.ar(FilePath.o)(i._ZN4mbed8FilePath10fileSystemEv)
    mbed::FilePath::file()                   0x08004529   Thumb Code    32  mbed/TARGET_NUCLEO_L073RZ/TOOLCHAIN_ARM_STD/mbed.ar(FilePath.o)(i._ZN4mbed8FilePath4fileEv)
    mbed::FilePath::exists()                 0x08004549   Thumb Code    10  mbed/TARGET_NUCLEO_L073RZ/TOOLCHAIN_ARM_STD/mbed.ar(FilePath.o)(i._ZN4mbed8FilePath6existsEv)
    mbed::FilePath::isFile()                 0x08004553   Thumb Code    24  mbed/TARGET_NUCLEO_L073RZ/TOOLCHAIN_ARM_STD/mbed.ar(FilePath.o)(i._ZN4mbed8FilePath6isFileEv)
    mbed::FilePath::fileName()               0x0800456b   Thumb Code     4  mbed/TARGET_NUCLEO_L073RZ/TOOLCHAIN_ARM_STD/mbed.ar(FilePath.o)(i._ZN4mbed8FilePath8fileNameEv)
    mbed::FilePath::FilePath(const char*)    0x0800456f   Thumb Code    68  mbed/TARGET_NUCLEO_L073RZ/TOOLCHAIN_ARM_STD/mbed.ar(FilePath.o)(i._ZN4mbed8FilePathC1EPKc)
    mbed::FilePath::FilePath__sub_object(const char*) 0x0800456f   Thumb Code     0  mbed/TARGET_NUCLEO_L073RZ/TOOLCHAIN_ARM_STD/mbed.ar(FilePath.o)(i._ZN4mbed8FilePathC1EPKc)
    __ARM_common_ll_muluu                    0x080045b3   Thumb Code    48  C:\Keil_v5\ARM\ARMCC\Bin\..\lib\armlib\c_p.l(btod.o)(i.__ARM_common_ll_muluu)
    __ARM_fpclassify                         0x080045e5   Thumb Code    40  C:\Keil_v5\ARM\ARMCC\Bin\..\lib\armlib\m_ps.l(fpclassify.o)(i.__ARM_fpclassify)
    __user_setup_stackheap                   0x08004631   Thumb Code     8  mbed/TARGET_NUCLEO_L073RZ/TOOLCHAIN_ARM_STD/mbed_retarget.o(i.__user_setup_stackheap)
    _is_digit                                0x08004639   Thumb Code    14  C:\Keil_v5\ARM\ARMCC\Bin\..\lib\armlib\c_p.l(__printf_wp.o)(i._is_digit)
    _mbed_user_setup_stackheap               0x08004649   Thumb Code    10  mbed/TARGET_NUCLEO_L073RZ/TOOLCHAIN_ARM_STD/mbed_retarget.o(i._mbed_user_setup_stackheap)
    _platform_post_stackheap_init            0x08004659   Thumb Code    26  mbed/TARGET_NUCLEO_L073RZ/TOOLCHAIN_ARM_STD/mbed_sdk_boot.o(i._platform_post_stackheap_init)
    _sys_close                               0x08004679   Thumb Code    68  mbed/TARGET_NUCLEO_L073RZ/TOOLCHAIN_ARM_STD/mbed_retarget.o(i._sys_close)
    _sys_flen                                0x080046c1   Thumb Code    70  mbed/TARGET_NUCLEO_L073RZ/TOOLCHAIN_ARM_STD/mbed_retarget.o(i._sys_flen)
    _sys_istty                               0x0800470d   Thumb Code    58  mbed/TARGET_NUCLEO_L073RZ/TOOLCHAIN_ARM_STD/mbed_retarget.o(i._sys_istty)
    _sys_open                                0x0800474d   Thumb Code   500  mbed/TARGET_NUCLEO_L073RZ/TOOLCHAIN_ARM_STD/mbed_retarget.o(i._sys_open)
    _sys_seek                                0x08004965   Thumb Code    70  mbed/TARGET_NUCLEO_L073RZ/TOOLCHAIN_ARM_STD/mbed_retarget.o(i._sys_seek)
    _sys_write                               0x080049b1   Thumb Code   114  mbed/TARGET_NUCLEO_L073RZ/TOOLCHAIN_ARM_STD/mbed_retarget.o(i._sys_write)
    core_util_critical_section_enter         0x08004a31   Thumb Code    72  mbed/TARGET_NUCLEO_L073RZ/TOOLCHAIN_ARM_STD/mbed.ar(mbed_critical.o)(i.core_util_critical_section_enter)
    core_util_critical_section_exit          0x08004abd   Thumb Code    58  mbed/TARGET_NUCLEO_L073RZ/TOOLCHAIN_ARM_STD/mbed.ar(mbed_critical.o)(i.core_util_critical_section_exit)
    error                                    0x08004b15   Thumb Code    38  mbed/TARGET_NUCLEO_L073RZ/TOOLCHAIN_ARM_STD/mbed.ar(mbed_error.o)(i.error)
    exit                                     0x08004b41   Thumb Code    24  mbed/TARGET_NUCLEO_L073RZ/TOOLCHAIN_ARM_STD/mbed_retarget.o(i.exit)
    fputc                                    0x08004b61   Thumb Code    30  C:\Keil_v5\ARM\ARMCC\Bin\..\lib\armlib\c_p.l(fputc.o)(i.fputc)
    get_us_ticker_data                       0x08004b81   Thumb Code     4  mbed/TARGET_NUCLEO_L073RZ/TOOLCHAIN_ARM_STD/mbed.ar(mbed_us_ticker_api.o)(i.get_us_ticker_data)
    gpio_dir                                 0x08004b89   Thumb Code    32  mbed/TARGET_NUCLEO_L073RZ/TOOLCHAIN_ARM_STD/gpio_api.o(i.gpio_dir)
    gpio_init                                0x08004ba9   Thumb Code    70  mbed/TARGET_NUCLEO_L073RZ/TOOLCHAIN_ARM_STD/gpio_api.o(i.gpio_init)
    gpio_init_out                            0x08004bf5   Thumb Code    40  mbed/TARGET_NUCLEO_L073RZ/TOOLCHAIN_ARM_STD/mbed.ar(mbed_gpio.o)(i.gpio_init_out)
    gpio_mode                                0x08004c1d   Thumb Code    14  mbed/TARGET_NUCLEO_L073RZ/TOOLCHAIN_ARM_STD/gpio_api.o(i.gpio_mode)
    init_uart                                0x08004c2d   Thumb Code   100  mbed/TARGET_NUCLEO_L073RZ/TOOLCHAIN_ARM_STD/serial_api.o(i.init_uart)
    $Super$$main                             0x08004cad   Thumb Code    76  .\build\main.o(i.main)
    mbed_assert_internal                     0x08004d11   Thumb Code    30  mbed/TARGET_NUCLEO_L073RZ/TOOLCHAIN_ARM_STD/mbed.ar(mbed_assert.o)(i.mbed_assert_internal)
    mbed_die                                 0x08004d65   Thumb Code    84  mbed/TARGET_NUCLEO_L073RZ/TOOLCHAIN_ARM_STD/mbed_board.o(i.mbed_die)
    mbed_error_printf                        0x08004db9   Thumb Code    80  mbed/TARGET_NUCLEO_L073RZ/TOOLCHAIN_ARM_STD/mbed_board.o(i.mbed_error_printf)
    mbed_error_vfprintf                      0x08004e11   Thumb Code    72  mbed/TARGET_NUCLEO_L073RZ/TOOLCHAIN_ARM_STD/mbed_board.o(i.mbed_error_vfprintf)
    mbed_main                                0x08004e61   Thumb Code     2  mbed/TARGET_NUCLEO_L073RZ/TOOLCHAIN_ARM_STD/mbed_sdk_boot.o(i.mbed_main)
    mbed_sdk_init                            0x08004e63   Thumb Code    20  mbed/TARGET_NUCLEO_L073RZ/TOOLCHAIN_ARM_STD/mbed_overrides.o(i.mbed_sdk_init)
    pin_function                             0x08004e79   Thumb Code   274  mbed/TARGET_NUCLEO_L073RZ/TOOLCHAIN_ARM_STD/pinmap.o(i.pin_function)
    pin_mode                                 0x08004fad   Thumb Code   142  mbed/TARGET_NUCLEO_L073RZ/TOOLCHAIN_ARM_STD/pinmap.o(i.pin_mode)
    pinmap_merge                             0x08005059   Thumb Code    30  mbed/TARGET_NUCLEO_L073RZ/TOOLCHAIN_ARM_STD/mbed.ar(mbed_pinmap_common.o)(i.pinmap_merge)
    pinmap_peripheral                        0x0800508d   Thumb Code    60  mbed/TARGET_NUCLEO_L073RZ/TOOLCHAIN_ARM_STD/mbed.ar(mbed_pinmap_common.o)(i.pinmap_peripheral)
    pinmap_pinout                            0x080050e9   Thumb Code    62  mbed/TARGET_NUCLEO_L073RZ/TOOLCHAIN_ARM_STD/mbed.ar(mbed_pinmap_common.o)(i.pinmap_pinout)
    serial_baud                              0x080051a3   Thumb Code    10  mbed/TARGET_NUCLEO_L073RZ/TOOLCHAIN_ARM_STD/serial_device.o(i.serial_baud)
    serial_init                              0x080051ad   Thumb Code   314  mbed/TARGET_NUCLEO_L073RZ/TOOLCHAIN_ARM_STD/serial_device.o(i.serial_init)
    serial_putc                              0x08005331   Thumb Code    34  mbed/TARGET_NUCLEO_L073RZ/TOOLCHAIN_ARM_STD/serial_device.o(i.serial_putc)
    serial_writable                          0x08005359   Thumb Code    24  mbed/TARGET_NUCLEO_L073RZ/TOOLCHAIN_ARM_STD/serial_api.o(i.serial_writable)
    ticker_irq_handler                       0x08005375   Thumb Code    94  mbed/TARGET_NUCLEO_L073RZ/TOOLCHAIN_ARM_STD/mbed.ar(mbed_ticker_api.o)(i.ticker_irq_handler)
    ticker_read                              0x080053d3   Thumb Code    64  mbed/TARGET_NUCLEO_L073RZ/TOOLCHAIN_ARM_STD/mbed.ar(mbed_ticker_api.o)(i.ticker_read)
    timer_irq_handler                        0x08005415   Thumb Code   136  mbed/TARGET_NUCLEO_L073RZ/TOOLCHAIN_ARM_STD/hal_tick_16b.o(i.timer_irq_handler)
    us_ticker_clear_interrupt                0x080054dd   Thumb Code    12  mbed/TARGET_NUCLEO_L073RZ/TOOLCHAIN_ARM_STD/us_ticker_16b.o(i.us_ticker_clear_interrupt)
    us_ticker_disable_interrupt              0x080054ed   Thumb Code    14  mbed/TARGET_NUCLEO_L073RZ/TOOLCHAIN_ARM_STD/us_ticker_16b.o(i.us_ticker_disable_interrupt)
    us_ticker_fire_interrupt                 0x08005501   Thumb Code    18  mbed/TARGET_NUCLEO_L073RZ/TOOLCHAIN_ARM_STD/us_ticker_16b.o(i.us_ticker_fire_interrupt)
    us_ticker_init                           0x0800551d   Thumb Code     2  mbed/TARGET_NUCLEO_L073RZ/TOOLCHAIN_ARM_STD/us_ticker_16b.o(i.us_ticker_init)
    us_ticker_irq_handler                    0x08005521   Thumb Code    10  mbed/TARGET_NUCLEO_L073RZ/TOOLCHAIN_ARM_STD/mbed.ar(mbed_us_ticker_api.o)(i.us_ticker_irq_handler)
    us_ticker_read                           0x08005531   Thumb Code    58  mbed/TARGET_NUCLEO_L073RZ/TOOLCHAIN_ARM_STD/us_ticker_16b.o(i.us_ticker_read)
    us_ticker_set_interrupt                  0x08005579   Thumb Code   114  mbed/TARGET_NUCLEO_L073RZ/TOOLCHAIN_ARM_STD/us_ticker_16b.o(i.us_ticker_set_interrupt)
    wait_ms                                  0x080055f9   Thumb Code    36  mbed/TARGET_NUCLEO_L073RZ/TOOLCHAIN_ARM_STD/mbed.ar(mbed_wait_api_no_rtos.o)(i.wait_ms)
    _get_lc_numeric                          0x0800561d   Thumb Code    44  C:\Keil_v5\ARM\ARMCC\Bin\..\lib\armlib\c_p.l(lc_numeric_c.o)(locale$$code)
    _get_lc_ctype                            0x08005649   Thumb Code    44  C:\Keil_v5\ARM\ARMCC\Bin\..\lib\armlib\c_p.l(lc_ctype_c.o)(locale$$code)
    SingletonPtr<PlatformMutex>::operator ->() 0x08005675   Thumb Code    36  mbed/TARGET_NUCLEO_L073RZ/TOOLCHAIN_ARM_STD/mbed.ar(FileBase.o)(t._ZN12SingletonPtrI13PlatformMutexEptEv)
    _printf_fp_dec                           0x080056a1   Thumb Code    16  C:\Keil_v5\ARM\ARMCC\Bin\..\lib\armlib\fz_ps.l(printf1.o)(x$fpl$printf1)
    _printf_fp_hex                           0x080056b1   Thumb Code    16  C:\Keil_v5\ARM\ARMCC\Bin\..\lib\armlib\fz_ps.l(printf2.o)(x$fpl$printf2)
    __I$use$fp                               0x080056c0   Number         0  C:\Keil_v5\ARM\ARMCC\Bin\..\lib\armlib\fz_ps.l(usenofp.o)(x$fpl$usenofp)
    __stdin_name                             0x080056c0   Data           7  mbed/TARGET_NUCLEO_L073RZ/TOOLCHAIN_ARM_STD/mbed_retarget.o(.constdata)
    __stdout_name                            0x080056c7   Data           8  mbed/TARGET_NUCLEO_L073RZ/TOOLCHAIN_ARM_STD/mbed_retarget.o(.constdata)
    __stderr_name                            0x080056cf   Data           8  mbed/TARGET_NUCLEO_L073RZ/TOOLCHAIN_ARM_STD/mbed_retarget.o(.constdata)
    PinMap_UART_TX                           0x080056d8   Data         132  mbed/TARGET_NUCLEO_L073RZ/TOOLCHAIN_ARM_STD/PeripheralPins.o(.constdata)
    PinMap_UART_RX                           0x0800575c   Data         144  mbed/TARGET_NUCLEO_L073RZ/TOOLCHAIN_ARM_STD/PeripheralPins.o(.constdata)
    ll_pin_defines                           0x080057ec   Data          64  mbed/TARGET_NUCLEO_L073RZ/TOOLCHAIN_ARM_STD/pinmap.o(.constdata)
    AHBPrescTable                            0x0800582c   Data          16  mbed/TARGET_NUCLEO_L073RZ/TOOLCHAIN_ARM_STD/system_stm32l0xx.o(.constdata)
    PLLMulTable                              0x0800583c   Data           9  mbed/TARGET_NUCLEO_L073RZ/TOOLCHAIN_ARM_STD/system_stm32l0xx.o(.constdata)
    APBPrescTable                            0x08005845   Data           8  mbed/TARGET_NUCLEO_L073RZ/TOOLCHAIN_ARM_STD/system_stm32l0xx.o(.constdata)
    SingletonPtr<PlatformMutex>::get()::string 0x080059ec   Data          20  mbed/TARGET_NUCLEO_L073RZ/TOOLCHAIN_ARM_STD/mbed_retarget.o(.constdata__ZZN12SingletonPtrI13PlatformMutexE3getEvEs)
    SingletonPtr<PlatformMutex>::get()::string (instance 2) 0x08005a00   Data          93  mbed/TARGET_NUCLEO_L073RZ/TOOLCHAIN_ARM_STD/mbed_retarget.o(.constdata__ZZN12SingletonPtrI13PlatformMutexE3getEvEs_0)
    Region$$Table$$Base                      0x08005b78   Number         0  anon$$obj.o(Region$$Table)
    Region$$Table$$Limit                     0x08005b98   Number         0  anon$$obj.o(Region$$Table)
    __ctype                                  0x08005bc1   Data           0  C:\Keil_v5\ARM\ARMCC\Bin\..\lib\armlib\c_p.l(lc_ctype_c.o)(locale$$data)
    SHT$$INIT_ARRAY$$Base                    0x08005cc4   Number         0  .\build\main.o(.init_array)
    SHT$$INIT_ARRAY$$Limit                   0x08005cc8   Number         0  C:\Keil_v5\ARM\ARMCC\Bin\..\lib\armlib\c_p.l(init_aeabi.o)(.init_array)
    PreviousVal                              0x200000c0   Data           4  mbed/TARGET_NUCLEO_L073RZ/TOOLCHAIN_ARM_STD/hal_tick_16b.o(.data)
    stdio_uart_inited                        0x200000d4   Data           4  mbed/TARGET_NUCLEO_L073RZ/TOOLCHAIN_ARM_STD/serial_device.o(.data)
    uwTick                                   0x200000dc   Data           4  mbed/TARGET_NUCLEO_L073RZ/TOOLCHAIN_ARM_STD/stm32l0xx_hal.o(.data)
    SystemCoreClock                          0x200000e0   Data           4  mbed/TARGET_NUCLEO_L073RZ/TOOLCHAIN_ARM_STD/system_stm32l0xx.o(.data)
    SlaveCounter                             0x200000e4   Data           4  mbed/TARGET_NUCLEO_L073RZ/TOOLCHAIN_ARM_STD/us_ticker_16b.o(.data)
    oc_int_part                              0x200000e8   Data           4  mbed/TARGET_NUCLEO_L073RZ/TOOLCHAIN_ARM_STD/us_ticker_16b.o(.data)
    mbed::FileBase::_head                    0x200000f8   Data           4  mbed/TARGET_NUCLEO_L073RZ/TOOLCHAIN_ARM_STD/mbed.ar(FileBase.o)(.data)
    mbed::FileBase::_mutex                   0x200000fc   Data           8  mbed/TARGET_NUCLEO_L073RZ/TOOLCHAIN_ARM_STD/mbed.ar(FileBase.o)(.data)
    __aeabi_stdin                            0x20000104   Data           4  C:\Keil_v5\ARM\ARMCC\Bin\..\lib\armlib\c_p.l(stdio_streams.o)(.data)
    __aeabi_stdout                           0x20000108   Data           4  C:\Keil_v5\ARM\ARMCC\Bin\..\lib\armlib\c_p.l(stdio_streams.o)(.data)
    __aeabi_stderr                           0x2000010c   Data           4  C:\Keil_v5\ARM\ARMCC\Bin\..\lib\armlib\c_p.l(stdio_streams.o)(.data)
    uart_handlers                            0x2000026c   Data         560  mbed/TARGET_NUCLEO_L073RZ/TOOLCHAIN_ARM_STD/serial_device.o(.bss)
    stdio_uart                               0x2000049c   Data          76  mbed/TARGET_NUCLEO_L073RZ/TOOLCHAIN_ARM_STD/serial_device.o(.bss)
    TimMasterHandle                          0x200004e8   Data          56  mbed/TARGET_NUCLEO_L073RZ/TOOLCHAIN_ARM_STD/us_ticker_16b.o(.bss)
    led                                      0x20000520   Data          28  .\build\main.o(.bss)
    __stdin                                  0x2000055c   Data          84  C:\Keil_v5\ARM\ARMCC\Bin\..\lib\armlib\c_p.l(stdio_streams.o)(.bss)
    __stdout                                 0x200005b0   Data          84  C:\Keil_v5\ARM\ARMCC\Bin\..\lib\armlib\c_p.l(stdio_streams.o)(.bss)
    __stderr                                 0x20000604   Data          84  C:\Keil_v5\ARM\ARMCC\Bin\..\lib\armlib\c_p.l(stdio_streams.o)(.bss)
    Image$$RW_IRAM1$$ZI$$Limit               0x20000670   Number         0  anon$$obj.o ABSOLUTE



==============================================================================

Memory Map of the image

  Image Entry point : 0x080000c1

  Load Region LR_IROM1 (Base: 0x08000000, Size: 0x00005d1c, Max: 0x00030000, ABSOLUTE)

    Execution Region ER_IROM1 (Exec base: 0x08000000, Load base: 0x08000000, Size: 0x00005cc8, Max: 0x00030000, ABSOLUTE)

    Exec Addr    Load Addr    Size         Type   Attr      Idx    E Section Name        Object

    0x08000000   0x08000000   0x000000c0   Data   RO          584    RESET               mbed/TARGET_NUCLEO_L073RZ/TOOLCHAIN_ARM_STD/startup_stm32l073xx.o
    0x080000c0   0x080000c0   0x00000008   Code   RO         3470  * !!!main             C:\Keil_v5\ARM\ARMCC\Bin\..\lib\armlib\c_p.l(__main.o)
    0x080000c8   0x080000c8   0x0000003c   Code   RO         4056    !!!scatter          C:\Keil_v5\ARM\ARMCC\Bin\..\lib\armlib\c_p.l(__scatter.o)
    0x08000104   0x08000104   0x0000001a   Code   RO         4058    !!handler_copy      C:\Keil_v5\ARM\ARMCC\Bin\..\lib\armlib\c_p.l(__scatter_copy.o)
    0x0800011e   0x0800011e   0x00000002   PAD
    0x08000120   0x08000120   0x0000001c   Code   RO         4060    !!handler_zi        C:\Keil_v5\ARM\ARMCC\Bin\..\lib\armlib\c_p.l(__scatter_zi.o)
    0x0800013c   0x0800013c   0x00000002   Code   RO         3730    .ARM.Collect$$_printf_percent$$00000000  C:\Keil_v5\ARM\ARMCC\Bin\..\lib\armlib\c_p.l(_printf_percent.o)
    0x0800013e   0x0800013e   0x0000000a   Code   RO         3719    .ARM.Collect$$_printf_percent$$00000001  C:\Keil_v5\ARM\ARMCC\Bin\..\lib\armlib\c_p.l(_printf_n.o)
    0x08000148   0x08000148   0x0000000a   Code   RO         3721    .ARM.Collect$$_printf_percent$$00000002  C:\Keil_v5\ARM\ARMCC\Bin\..\lib\armlib\c_p.l(_printf_p.o)
    0x08000152   0x08000152   0x0000000a   Code   RO         3726    .ARM.Collect$$_printf_percent$$00000003  C:\Keil_v5\ARM\ARMCC\Bin\..\lib\armlib\c_p.l(_printf_f.o)
    0x0800015c   0x0800015c   0x0000000a   Code   RO         3727    .ARM.Collect$$_printf_percent$$00000004  C:\Keil_v5\ARM\ARMCC\Bin\..\lib\armlib\c_p.l(_printf_e.o)
    0x08000166   0x08000166   0x0000000a   Code   RO         3728    .ARM.Collect$$_printf_percent$$00000005  C:\Keil_v5\ARM\ARMCC\Bin\..\lib\armlib\c_p.l(_printf_g.o)
    0x08000170   0x08000170   0x0000000a   Code   RO         3729    .ARM.Collect$$_printf_percent$$00000006  C:\Keil_v5\ARM\ARMCC\Bin\..\lib\armlib\c_p.l(_printf_a.o)
    0x0800017a   0x0800017a   0x0000000a   Code   RO         3734    .ARM.Collect$$_printf_percent$$00000007  C:\Keil_v5\ARM\ARMCC\Bin\..\lib\armlib\c_p.l(_printf_ll.o)
    0x08000184   0x08000184   0x0000000a   Code   RO         3723    .ARM.Collect$$_printf_percent$$00000008  C:\Keil_v5\ARM\ARMCC\Bin\..\lib\armlib\c_p.l(_printf_i.o)
    0x0800018e   0x0800018e   0x0000000a   Code   RO         3724    .ARM.Collect$$_printf_percent$$00000009  C:\Keil_v5\ARM\ARMCC\Bin\..\lib\armlib\c_p.l(_printf_d.o)
    0x08000198   0x08000198   0x0000000a   Code   RO         3725    .ARM.Collect$$_printf_percent$$0000000A  C:\Keil_v5\ARM\ARMCC\Bin\..\lib\armlib\c_p.l(_printf_u.o)
    0x080001a2   0x080001a2   0x0000000a   Code   RO         3722    .ARM.Collect$$_printf_percent$$0000000B  C:\Keil_v5\ARM\ARMCC\Bin\..\lib\armlib\c_p.l(_printf_o.o)
    0x080001ac   0x080001ac   0x0000000a   Code   RO         3720    .ARM.Collect$$_printf_percent$$0000000C  C:\Keil_v5\ARM\ARMCC\Bin\..\lib\armlib\c_p.l(_printf_x.o)
    0x080001b6   0x080001b6   0x0000000a   Code   RO         3731    .ARM.Collect$$_printf_percent$$0000000D  C:\Keil_v5\ARM\ARMCC\Bin\..\lib\armlib\c_p.l(_printf_lli.o)
    0x080001c0   0x080001c0   0x0000000a   Code   RO         3732    .ARM.Collect$$_printf_percent$$0000000E  C:\Keil_v5\ARM\ARMCC\Bin\..\lib\armlib\c_p.l(_printf_lld.o)
    0x080001ca   0x080001ca   0x0000000a   Code   RO         3733    .ARM.Collect$$_printf_percent$$0000000F  C:\Keil_v5\ARM\ARMCC\Bin\..\lib\armlib\c_p.l(_printf_llu.o)
    0x080001d4   0x080001d4   0x0000000a   Code   RO         3738    .ARM.Collect$$_printf_percent$$00000010  C:\Keil_v5\ARM\ARMCC\Bin\..\lib\armlib\c_p.l(_printf_llo.o)
    0x080001de   0x080001de   0x0000000a   Code   RO         3739    .ARM.Collect$$_printf_percent$$00000011  C:\Keil_v5\ARM\ARMCC\Bin\..\lib\armlib\c_p.l(_printf_llx.o)
    0x080001e8   0x080001e8   0x0000000a   Code   RO         3735    .ARM.Collect$$_printf_percent$$00000012  C:\Keil_v5\ARM\ARMCC\Bin\..\lib\armlib\c_p.l(_printf_l.o)
    0x080001f2   0x080001f2   0x0000000a   Code   RO         3717    .ARM.Collect$$_printf_percent$$00000013  C:\Keil_v5\ARM\ARMCC\Bin\..\lib\armlib\c_p.l(_printf_c.o)
    0x080001fc   0x080001fc   0x0000000a   Code   RO         3718    .ARM.Collect$$_printf_percent$$00000014  C:\Keil_v5\ARM\ARMCC\Bin\..\lib\armlib\c_p.l(_printf_s.o)
    0x08000206   0x08000206   0x0000000a   Code   RO         3736    .ARM.Collect$$_printf_percent$$00000015  C:\Keil_v5\ARM\ARMCC\Bin\..\lib\armlib\c_p.l(_printf_lc.o)
    0x08000210   0x08000210   0x0000000a   Code   RO         3737    .ARM.Collect$$_printf_percent$$00000016  C:\Keil_v5\ARM\ARMCC\Bin\..\lib\armlib\c_p.l(_printf_ls.o)
    0x0800021a   0x0800021a   0x00000004   Code   RO         3872    .ARM.Collect$$_printf_percent$$00000017  C:\Keil_v5\ARM\ARMCC\Bin\..\lib\armlib\c_p.l(_printf_percent_end.o)
    0x0800021e   0x0800021e   0x00000002   Code   RO         3994    .ARM.Collect$$libinit$$00000000  C:\Keil_v5\ARM\ARMCC\Bin\..\lib\armlib\c_p.l(libinit.o)
    0x08000220   0x08000220   0x00000000   Code   RO         3764    .ARM.Collect$$libinit$$00000002  C:\Keil_v5\ARM\ARMCC\Bin\..\lib\armlib\c_p.l(libinit2.o)
    0x08000220   0x08000220   0x00000000   Code   RO         3766    .ARM.Collect$$libinit$$00000004  C:\Keil_v5\ARM\ARMCC\Bin\..\lib\armlib\c_p.l(libinit2.o)
    0x08000220   0x08000220   0x00000008   Code   RO         3767    .ARM.Collect$$libinit$$00000005  C:\Keil_v5\ARM\ARMCC\Bin\..\lib\armlib\c_p.l(libinit2.o)
    0x08000228   0x08000228   0x00000000   Code   RO         3769    .ARM.Collect$$libinit$$0000000A  C:\Keil_v5\ARM\ARMCC\Bin\..\lib\armlib\c_p.l(libinit2.o)
    0x08000228   0x08000228   0x00000000   Code   RO         3771    .ARM.Collect$$libinit$$0000000C  C:\Keil_v5\ARM\ARMCC\Bin\..\lib\armlib\c_p.l(libinit2.o)
    0x08000228   0x08000228   0x00000000   Code   RO         3773    .ARM.Collect$$libinit$$0000000E  C:\Keil_v5\ARM\ARMCC\Bin\..\lib\armlib\c_p.l(libinit2.o)
    0x08000228   0x08000228   0x00000006   Code   RO         3774    .ARM.Collect$$libinit$$0000000F  C:\Keil_v5\ARM\ARMCC\Bin\..\lib\armlib\c_p.l(libinit2.o)
    0x0800022e   0x0800022e   0x00000000   Code   RO         3776    .ARM.Collect$$libinit$$00000011  C:\Keil_v5\ARM\ARMCC\Bin\..\lib\armlib\c_p.l(libinit2.o)
    0x0800022e   0x0800022e   0x0000000c   Code   RO         3777    .ARM.Collect$$libinit$$00000012  C:\Keil_v5\ARM\ARMCC\Bin\..\lib\armlib\c_p.l(libinit2.o)
    0x0800023a   0x0800023a   0x00000000   Code   RO         3778    .ARM.Collect$$libinit$$00000013  C:\Keil_v5\ARM\ARMCC\Bin\..\lib\armlib\c_p.l(libinit2.o)
    0x0800023a   0x0800023a   0x00000000   Code   RO         3780    .ARM.Collect$$libinit$$00000015  C:\Keil_v5\ARM\ARMCC\Bin\..\lib\armlib\c_p.l(libinit2.o)
    0x0800023a   0x0800023a   0x0000000a   Code   RO         3781    .ARM.Collect$$libinit$$00000016  C:\Keil_v5\ARM\ARMCC\Bin\..\lib\armlib\c_p.l(libinit2.o)
    0x08000244   0x08000244   0x00000000   Code   RO         3782    .ARM.Collect$$libinit$$00000017  C:\Keil_v5\ARM\ARMCC\Bin\..\lib\armlib\c_p.l(libinit2.o)
    0x08000244   0x08000244   0x00000000   Code   RO         3784    .ARM.Collect$$libinit$$00000019  C:\Keil_v5\ARM\ARMCC\Bin\..\lib\armlib\c_p.l(libinit2.o)
    0x08000244   0x08000244   0x00000000   Code   RO         3786    .ARM.Collect$$libinit$$0000001B  C:\Keil_v5\ARM\ARMCC\Bin\..\lib\armlib\c_p.l(libinit2.o)
    0x08000244   0x08000244   0x00000000   Code   RO         3788    .ARM.Collect$$libinit$$0000001D  C:\Keil_v5\ARM\ARMCC\Bin\..\lib\armlib\c_p.l(libinit2.o)
    0x08000244   0x08000244   0x00000000   Code   RO         3790    .ARM.Collect$$libinit$$0000001F  C:\Keil_v5\ARM\ARMCC\Bin\..\lib\armlib\c_p.l(libinit2.o)
    0x08000244   0x08000244   0x00000000   Code   RO         3792    .ARM.Collect$$libinit$$00000021  C:\Keil_v5\ARM\ARMCC\Bin\..\lib\armlib\c_p.l(libinit2.o)
    0x08000244   0x08000244   0x00000000   Code   RO         3794    .ARM.Collect$$libinit$$00000023  C:\Keil_v5\ARM\ARMCC\Bin\..\lib\armlib\c_p.l(libinit2.o)
    0x08000244   0x08000244   0x00000004   Code   RO         3795    .ARM.Collect$$libinit$$00000024  C:\Keil_v5\ARM\ARMCC\Bin\..\lib\armlib\c_p.l(libinit2.o)
    0x08000248   0x08000248   0x00000000   Code   RO         3796    .ARM.Collect$$libinit$$00000025  C:\Keil_v5\ARM\ARMCC\Bin\..\lib\armlib\c_p.l(libinit2.o)
    0x08000248   0x08000248   0x00000000   Code   RO         3800    .ARM.Collect$$libinit$$0000002C  C:\Keil_v5\ARM\ARMCC\Bin\..\lib\armlib\c_p.l(libinit2.o)
    0x08000248   0x08000248   0x00000000   Code   RO         3802    .ARM.Collect$$libinit$$0000002E  C:\Keil_v5\ARM\ARMCC\Bin\..\lib\armlib\c_p.l(libinit2.o)
    0x08000248   0x08000248   0x00000000   Code   RO         3804    .ARM.Collect$$libinit$$00000030  C:\Keil_v5\ARM\ARMCC\Bin\..\lib\armlib\c_p.l(libinit2.o)
    0x08000248   0x08000248   0x00000004   Code   RO         3805    .ARM.Collect$$libinit$$00000031  C:\Keil_v5\ARM\ARMCC\Bin\..\lib\armlib\c_p.l(libinit2.o)
    0x0800024c   0x0800024c   0x00000000   Code   RO         3806    .ARM.Collect$$libinit$$00000032  C:\Keil_v5\ARM\ARMCC\Bin\..\lib\armlib\c_p.l(libinit2.o)
    0x0800024c   0x0800024c   0x00000002   Code   RO         3807    .ARM.Collect$$libinit$$00000033  C:\Keil_v5\ARM\ARMCC\Bin\..\lib\armlib\c_p.l(libinit2.o)
    0x0800024e   0x0800024e   0x00000000   Code   RO         3917    .ARM.Collect$$libshutdown$$00000004  C:\Keil_v5\ARM\ARMCC\Bin\..\lib\armlib\c_p.l(libshutdown2.o)
    0x0800024e   0x0800024e   0x00000000   Code   RO         3615    .ARM.Collect$$rtentry$$00000000  C:\Keil_v5\ARM\ARMCC\Bin\..\lib\armlib\c_p.l(__rtentry.o)
    0x0800024e   0x0800024e   0x00000000   Code   RO         3833    .ARM.Collect$$rtentry$$00000002  C:\Keil_v5\ARM\ARMCC\Bin\..\lib\armlib\c_p.l(__rtentry2.o)
    0x0800024e   0x0800024e   0x00000006   Code   RO         3845    .ARM.Collect$$rtentry$$00000004  C:\Keil_v5\ARM\ARMCC\Bin\..\lib\armlib\c_p.l(__rtentry4.o)
    0x08000254   0x08000254   0x00000008   Code   RO         3834    .ARM.Collect$$rtentry$$00000008  C:\Keil_v5\ARM\ARMCC\Bin\..\lib\armlib\c_p.l(__rtentry2.o)
    0x0800025c   0x0800025c   0x00000004   Code   RO         3836    .ARM.Collect$$rtentry$$0000000A  C:\Keil_v5\ARM\ARMCC\Bin\..\lib\armlib\c_p.l(__rtentry2.o)
    0x08000260   0x08000260   0x00000000   Code   RO         3838    .ARM.Collect$$rtentry$$0000000C  C:\Keil_v5\ARM\ARMCC\Bin\..\lib\armlib\c_p.l(__rtentry2.o)
    0x08000260   0x08000260   0x00000008   Code   RO         3839    .ARM.Collect$$rtentry$$0000000D  C:\Keil_v5\ARM\ARMCC\Bin\..\lib\armlib\c_p.l(__rtentry2.o)
    0x08000268   0x08000268   0x00000038   Code   RO         3456    .emb_text           C:\Keil_v5\ARM\ARMCC\Bin\..\lib\armlib\c_p.l(rt_memcpy.o)
    0x080002a0   0x080002a0   0x00000000   Code   RO         3851    .emb_text           C:\Keil_v5\ARM\ARMCC\Bin\..\lib\armlib\c_p.l(maybetermalloc1.o)
    0x080002a0   0x080002a0   0x0000001c   Code   RO          585    .text               mbed/TARGET_NUCLEO_L073RZ/TOOLCHAIN_ARM_STD/startup_stm32l073xx.o
    0x080002bc   0x080002bc   0x00000008   Code   RO         3357    .text               C:\Keil_v5\ARM\ARMCC\Bin\..\lib\armlib\c_p.l(rt_errno_addr.o)
    0x080002c4   0x080002c4   0x00000062   Code   RO         3366    .text               C:\Keil_v5\ARM\ARMCC\Bin\..\lib\armlib\c_p.l(h1_alloc.o)
    0x08000326   0x08000326   0x0000004c   Code   RO         3368    .text               C:\Keil_v5\ARM\ARMCC\Bin\..\lib\armlib\c_p.l(h1_free.o)
    0x08000372   0x08000372   0x00000002   PAD
    0x08000374   0x08000374   0x00000038   Code   RO         3424    .text               C:\Keil_v5\ARM\ARMCC\Bin\..\lib\armlib\c_p.l(vsnprintf.o)
    0x080003ac   0x080003ac   0x0000000e   Code   RO         3426    .text               C:\Keil_v5\ARM\ARMCC\Bin\..\lib\armlib\c_p.l(c89vfprintf.o)
    0x080003ba   0x080003ba   0x00000002   PAD
    0x080003bc   0x080003bc   0x00000068   Code   RO         3428    .text               C:\Keil_v5\ARM\ARMCC\Bin\..\lib\armlib\c_p.l(fflush.o)
    0x08000424   0x08000424   0x000000e8   Code   RO         3436    .text               C:\Keil_v5\ARM\ARMCC\Bin\..\lib\armlib\c_p.l(fopen.o)
    0x0800050c   0x0800050c   0x00000044   Code   RO         3452    .text               C:\Keil_v5\ARM\ARMCC\Bin\..\lib\armlib\c_p.l(strlen.o)
    0x08000550   0x08000550   0x000000a0   Code   RO         3454    .text               C:\Keil_v5\ARM\ARMCC\Bin\..\lib\armlib\c_p.l(strncmp.o)
    0x080005f0   0x080005f0   0x00000040   Code   RO         3462    .text               C:\Keil_v5\ARM\ARMCC\Bin\..\lib\armlib\c_p.l(rt_memclr.o)
    0x08000630   0x08000630   0x000000a0   Code   RO         3464    .text               C:\Keil_v5\ARM\ARMCC\Bin\..\lib\armlib\c_p.l(strcmpv6m.o)
    0x080006d0   0x080006d0   0x000001e8   Code   RO         3466    .text               C:\Keil_v5\ARM\ARMCC\Bin\..\lib\armlib\c_p.l(aeabi_sdivfast.o)
    0x080008b8   0x080008b8   0x00000024   Code   RO         3475    .text               C:\Keil_v5\ARM\ARMCC\Bin\..\lib\armlib\c_p.l(init_aeabi.o)
    0x080008dc   0x080008dc   0x00000358   Code   RO         3584    .text               C:\Keil_v5\ARM\ARMCC\Bin\..\lib\armlib\fz_ps.l(daddsub.o)
    0x08000c34   0x08000c34   0x00000448   Code   RO         3586    .text               C:\Keil_v5\ARM\ARMCC\Bin\..\lib\armlib\fz_ps.l(ddiv.o)
    0x0800107c   0x0800107c   0x00000048   Code   RO         3589    .text               C:\Keil_v5\ARM\ARMCC\Bin\..\lib\armlib\fz_ps.l(dfixui.o)
    0x080010c4   0x080010c4   0x00000058   Code   RO         3591    .text               C:\Keil_v5\ARM\ARMCC\Bin\..\lib\armlib\fz_ps.l(dflti.o)
    0x0800111c   0x0800111c   0x00000084   Code   RO         3593    .text               C:\Keil_v5\ARM\ARMCC\Bin\..\lib\armlib\fz_ps.l(dfltl.o)
    0x080011a0   0x080011a0   0x00000060   Code   RO         3597    .text               C:\Keil_v5\ARM\ARMCC\Bin\..\lib\armlib\fz_ps.l(dscalbn.o)
    0x08001200   0x08001200   0x00000008   Code   RO         3620    .text               C:\Keil_v5\ARM\ARMCC\Bin\..\lib\armlib\c_p.l(rt_heap_descriptor.o)
    0x08001208   0x08001208   0x00000004   Code   RO         3625    .text               C:\Keil_v5\ARM\ARMCC\Bin\..\lib\armlib\c_p.l(hguard.o)
    0x0800120c   0x0800120c   0x00000088   Code   RO         3627    .text               C:\Keil_v5\ARM\ARMCC\Bin\..\lib\armlib\c_p.l(init_alloc.o)
    0x08001294   0x08001294   0x0000000e   Code   RO         3631    .text               C:\Keil_v5\ARM\ARMCC\Bin\..\lib\armlib\c_p.l(h1_init.o)
    0x080012a2   0x080012a2   0x0000004e   Code   RO         3647    .text               C:\Keil_v5\ARM\ARMCC\Bin\..\lib\armlib\c_p.l(_printf_pad.o)
    0x080012f0   0x080012f0   0x00000024   Code   RO         3649    .text               C:\Keil_v5\ARM\ARMCC\Bin\..\lib\armlib\c_p.l(_printf_truncate.o)
    0x08001314   0x08001314   0x00000052   Code   RO         3651    .text               C:\Keil_v5\ARM\ARMCC\Bin\..\lib\armlib\c_p.l(_printf_str.o)
    0x08001366   0x08001366   0x00000002   PAD
    0x08001368   0x08001368   0x0000006c   Code   RO         3653    .text               C:\Keil_v5\ARM\ARMCC\Bin\..\lib\armlib\c_p.l(_printf_dec.o)
    0x080013d4   0x080013d4   0x00000026   Code   RO         3655    .text               C:\Keil_v5\ARM\ARMCC\Bin\..\lib\armlib\c_p.l(_printf_charcount.o)
    0x080013fa   0x080013fa   0x00000002   PAD
    0x080013fc   0x080013fc   0x00000030   Code   RO         3657    .text               C:\Keil_v5\ARM\ARMCC\Bin\..\lib\armlib\c_p.l(_printf_char_common.o)
    0x0800142c   0x0800142c   0x0000000a   Code   RO         3659    .text               C:\Keil_v5\ARM\ARMCC\Bin\..\lib\armlib\c_p.l(_sputc.o)
    0x08001436   0x08001436   0x00000010   Code   RO         3661    .text               C:\Keil_v5\ARM\ARMCC\Bin\..\lib\armlib\c_p.l(_snputc.o)
    0x08001446   0x08001446   0x00000002   PAD
    0x08001448   0x08001448   0x00000028   Code   RO         3663    .text               C:\Keil_v5\ARM\ARMCC\Bin\..\lib\armlib\c_p.l(_printf_char_file.o)
    0x08001470   0x08001470   0x000000bc   Code   RO         3665    .text               C:\Keil_v5\ARM\ARMCC\Bin\..\lib\armlib\c_p.l(_printf_wctomb.o)
    0x0800152c   0x0800152c   0x00000070   Code   RO         3668    .text               C:\Keil_v5\ARM\ARMCC\Bin\..\lib\armlib\c_p.l(_printf_longlong_dec.o)
    0x0800159c   0x0800159c   0x00000070   Code   RO         3674    .text               C:\Keil_v5\ARM\ARMCC\Bin\..\lib\armlib\c_p.l(_printf_oct_int_ll.o)
    0x0800160c   0x0800160c   0x00000098   Code   RO         3694    .text               C:\Keil_v5\ARM\ARMCC\Bin\..\lib\armlib\c_p.l(_printf_hex_int_ll_ptr.o)
    0x080016a4   0x080016a4   0x00000188   Code   RO         3714    .text               C:\Keil_v5\ARM\ARMCC\Bin\..\lib\armlib\c_p.l(__printf_flags_ss_wp.o)
    0x0800182c   0x0800182c   0x00000008   Code   RO         3740    .text               C:\Keil_v5\ARM\ARMCC\Bin\..\lib\armlib\c_p.l(ferror.o)
    0x08001834   0x08001834   0x000000f4   Code   RO         3744    .text               C:\Keil_v5\ARM\ARMCC\Bin\..\lib\armlib\c_p.l(fseek.o)
    0x08001928   0x08001928   0x0000004c   Code   RO         3746    .text               C:\Keil_v5\ARM\ARMCC\Bin\..\lib\armlib\c_p.l(setvbuf.o)
    0x08001974   0x08001974   0x000000f0   Code   RO         3748    .text               C:\Keil_v5\ARM\ARMCC\Bin\..\lib\armlib\c_p.l(stdio.o)
    0x08001a64   0x08001a64   0x0000013c   Code   RO         3751    .text               C:\Keil_v5\ARM\ARMCC\Bin\..\lib\armlib\c_p.l(initio.o)
    0x08001ba0   0x08001ba0   0x0000004c   Code   RO         3753    .text               C:\Keil_v5\ARM\ARMCC\Bin\..\lib\armlib\c_p.l(fclose.o)
    0x08001bec   0x08001bec   0x00000034   Code   RO         3853    .text               C:\Keil_v5\ARM\ARMCC\Bin\..\lib\armlib\c_p.l(h1_extend.o)
    0x08001c20   0x08001c20   0x0000007a   Code   RO         3857    .text               C:\Keil_v5\ARM\ARMCC\Bin\..\lib\armlib\c_p.l(lludiv10.o)
    0x08001c9a   0x08001c9a   0x000000b0   Code   RO         3859    .text               C:\Keil_v5\ARM\ARMCC\Bin\..\lib\armlib\c_p.l(_printf_intcommon.o)
    0x08001d4a   0x08001d4a   0x00000002   PAD
    0x08001d4c   0x08001d4c   0x00000418   Code   RO         3861    .text               C:\Keil_v5\ARM\ARMCC\Bin\..\lib\armlib\c_p.l(_printf_fp_dec.o)
    0x08002164   0x08002164   0x000002d8   Code   RO         3863    .text               C:\Keil_v5\ARM\ARMCC\Bin\..\lib\armlib\c_p.l(_printf_fp_hex.o)
    0x0800243c   0x0800243c   0x0000002e   Code   RO         3868    .text               C:\Keil_v5\ARM\ARMCC\Bin\..\lib\armlib\c_p.l(_printf_char.o)
    0x0800246a   0x0800246a   0x0000002e   Code   RO         3870    .text               C:\Keil_v5\ARM\ARMCC\Bin\..\lib\armlib\c_p.l(_printf_wchar.o)
    0x08002498   0x08002498   0x00000042   Code   RO         3877    .text               C:\Keil_v5\ARM\ARMCC\Bin\..\lib\armlib\c_p.l(ftell.o)
    0x080024da   0x080024da   0x00000040   Code   RO         3895    .text               C:\Keil_v5\ARM\ARMCC\Bin\..\lib\armlib\c_p.l(_wcrtomb.o)
    0x0800251a   0x0800251a   0x0000000c   Code   RO         3897    .text               C:\Keil_v5\ARM\ARMCC\Bin\..\lib\armlib\c_p.l(defsig_rtred_outer.o)
    0x08002526   0x08002526   0x0000000c   Code   RO         3901    .text               C:\Keil_v5\ARM\ARMCC\Bin\..\lib\armlib\c_p.l(defsig_rtmem_outer.o)
    0x08002532   0x08002532   0x00000028   Code   RO         3905    .text               C:\Keil_v5\ARM\ARMCC\Bin\..\lib\armlib\c_p.l(rtudiv10.o)
    0x0800255a   0x0800255a   0x00000002   PAD
    0x0800255c   0x0800255c   0x00000050   Code   RO         3907    .text               C:\Keil_v5\ARM\ARMCC\Bin\..\lib\armlib\c_p.l(heapauxa.o)
    0x080025ac   0x080025ac   0x00000010   Code   RO         3945    .text               C:\Keil_v5\ARM\ARMCC\Bin\..\lib\armlib\c_p.l(rt_ctype_table.o)
    0x080025bc   0x080025bc   0x00000008   Code   RO         3949    .text               C:\Keil_v5\ARM\ARMCC\Bin\..\lib\armlib\c_p.l(rt_locale.o)
    0x080025c4   0x080025c4   0x00000088   Code   RO         3961    .text               C:\Keil_v5\ARM\ARMCC\Bin\..\lib\armlib\c_p.l(_printf_fp_infnan.o)
    0x0800264c   0x0800264c   0x000000d8   Code   RO         3963    .text               C:\Keil_v5\ARM\ARMCC\Bin\..\lib\armlib\c_p.l(bigflt0.o)
    0x08002724   0x08002724   0x00000580   Code   RO         3966    .text               C:\Keil_v5\ARM\ARMCC\Bin\..\lib\armlib\c_p.l(btod.o)
    0x08002ca4   0x08002ca4   0x000001f0   Code   RO         3970    .text               C:\Keil_v5\ARM\ARMCC\Bin\..\lib\armlib\c_p.l(flsbuf.o)
    0x08002e94   0x08002e94   0x0000000c   Code   RO         3977    .text               C:\Keil_v5\ARM\ARMCC\Bin\..\lib\armlib\c_p.l(defsig_exit.o)
    0x08002ea0   0x08002ea0   0x00000034   Code   RO         3983    .text               C:\Keil_v5\ARM\ARMCC\Bin\..\lib\armlib\c_p.l(defsig_rtred_inner.o)
    0x08002ed4   0x08002ed4   0x00000050   Code   RO         3985    .text               C:\Keil_v5\ARM\ARMCC\Bin\..\lib\armlib\c_p.l(defsig_rtmem_inner.o)
    0x08002f24   0x08002f24   0x0000000c   Code   RO         4004    .text               C:\Keil_v5\ARM\ARMCC\Bin\..\lib\armlib\c_p.l(sys_exit.o)
    0x08002f30   0x08002f30   0x00000034   Code   RO         4021    .text               C:\Keil_v5\ARM\ARMCC\Bin\..\lib\armlib\c_p.l(defsig_general.o)
    0x08002f64   0x08002f64   0x0000000c   Code   RO         4031    .text               C:\Keil_v5\ARM\ARMCC\Bin\..\lib\armlib\c_p.l(sys_wrch.o)
    0x08002f70   0x08002f70   0x00000002   Code   RO         4033    .text               C:\Keil_v5\ARM\ARMCC\Bin\..\lib\armlib\c_p.l(use_no_semi.o)
    0x08002f72   0x08002f72   0x00000000   Code   RO         4035    .text               C:\Keil_v5\ARM\ARMCC\Bin\..\lib\armlib\c_p.l(indicate_semi.o)
    0x08002f72   0x08002f72   0x0000000c   Code   RO          381    i.$Sub$$main        mbed/TARGET_NUCLEO_L073RZ/TOOLCHAIN_ARM_STD/mbed_sdk_boot.o
    0x08002f7e   0x08002f7e   0x00000002   PAD
    0x08002f80   0x08002f80   0x0000000c   Code   RO          602    i.HAL_GetTick       mbed/TARGET_NUCLEO_L073RZ/TOOLCHAIN_ARM_STD/stm32l0xx_hal.o
    0x08002f8c   0x08002f8c   0x00000010   Code   RO          603    i.HAL_IncTick       mbed/TARGET_NUCLEO_L073RZ/TOOLCHAIN_ARM_STD/stm32l0xx_hal.o
    0x08002f9c   0x08002f9c   0x00000020   Code   RO          604    i.HAL_Init          mbed/TARGET_NUCLEO_L073RZ/TOOLCHAIN_ARM_STD/stm32l0xx_hal.o
    0x08002fbc   0x08002fbc   0x000000b4   Code   RO          108    i.HAL_InitTick      mbed/TARGET_NUCLEO_L073RZ/TOOLCHAIN_ARM_STD/hal_tick_16b.o
    0x08003070   0x08003070   0x00000002   Code   RO          607    i.HAL_MspInit       mbed/TARGET_NUCLEO_L073RZ/TOOLCHAIN_ARM_STD/stm32l0xx_hal.o
    0x08003072   0x08003072   0x00000002   PAD
    0x08003074   0x08003074   0x0000019c   Code   RO         1606    i.HAL_RCCEx_PeriphCLKConfig  mbed/TARGET_NUCLEO_L073RZ/TOOLCHAIN_ARM_STD/stm32l0xx_hal_rcc_ex.o
    0x08003210   0x08003210   0x00000194   Code   RO         1564    i.HAL_RCC_ClockConfig  mbed/TARGET_NUCLEO_L073RZ/TOOLCHAIN_ARM_STD/stm32l0xx_hal_rcc.o
    0x080033a4   0x080033a4   0x00000020   Code   RO         1570    i.HAL_RCC_GetPCLK1Freq  mbed/TARGET_NUCLEO_L073RZ/TOOLCHAIN_ARM_STD/stm32l0xx_hal_rcc.o
    0x080033c4   0x080033c4   0x00000020   Code   RO         1571    i.HAL_RCC_GetPCLK2Freq  mbed/TARGET_NUCLEO_L073RZ/TOOLCHAIN_ARM_STD/stm32l0xx_hal_rcc.o
    0x080033e4   0x080033e4   0x00000090   Code   RO         1572    i.HAL_RCC_GetSysClockFreq  mbed/TARGET_NUCLEO_L073RZ/TOOLCHAIN_ARM_STD/stm32l0xx_hal_rcc.o
    0x08003474   0x08003474   0x000004b4   Code   RO         1575    i.HAL_RCC_OscConfig  mbed/TARGET_NUCLEO_L073RZ/TOOLCHAIN_ARM_STD/stm32l0xx_hal_rcc.o
    0x08003928   0x08003928   0x00000032   Code   RO         1985    i.HAL_TIM_Base_Init  mbed/TARGET_NUCLEO_L073RZ/TOOLCHAIN_ARM_STD/stm32l0xx_hal_tim.o
    0x0800395a   0x0800395a   0x00000002   Code   RO         1987    i.HAL_TIM_Base_MspInit  mbed/TARGET_NUCLEO_L073RZ/TOOLCHAIN_ARM_STD/stm32l0xx_hal_tim.o
    0x0800395c   0x0800395c   0x00000018   Code   RO         1988    i.HAL_TIM_Base_Start  mbed/TARGET_NUCLEO_L073RZ/TOOLCHAIN_ARM_STD/stm32l0xx_hal_tim.o
    0x08003974   0x08003974   0x00000026   Code   RO         2013    i.HAL_TIM_GenerateEvent  mbed/TARGET_NUCLEO_L073RZ/TOOLCHAIN_ARM_STD/stm32l0xx_hal_tim.o
    0x0800399a   0x0800399a   0x00000024   Code   RO         2035    i.HAL_TIM_OC_Start  mbed/TARGET_NUCLEO_L073RZ/TOOLCHAIN_ARM_STD/stm32l0xx_hal_tim.o
    0x080039be   0x080039be   0x00000066   Code   RO         2236    i.HAL_UART_Init     mbed/TARGET_NUCLEO_L073RZ/TOOLCHAIN_ARM_STD/stm32l0xx_hal_uart.o
    0x08003a24   0x08003a24   0x00000002   Code   RO         2238    i.HAL_UART_MspInit  mbed/TARGET_NUCLEO_L073RZ/TOOLCHAIN_ARM_STD/stm32l0xx_hal_uart.o
    0x08003a26   0x08003a26   0x00000002   PAD
    0x08003a28   0x08003a28   0x0000008c   Code   RO         2467    i.SetSysClock       mbed/TARGET_NUCLEO_L073RZ/TOOLCHAIN_ARM_STD/system_clock.o
    0x08003ab4   0x08003ab4   0x000000a4   Code   RO         2468    i.SetSysClock_PLL_HSE  mbed/TARGET_NUCLEO_L073RZ/TOOLCHAIN_ARM_STD/system_clock.o
    0x08003b58   0x08003b58   0x000000d0   Code   RO           63    i.Set_GPIO_Clock    mbed/TARGET_NUCLEO_L073RZ/TOOLCHAIN_ARM_STD/gpio_api.o
    0x08003c28   0x08003c28   0x00000090   Code   RO         2479    i.SystemCoreClockUpdate  mbed/TARGET_NUCLEO_L073RZ/TOOLCHAIN_ARM_STD/system_stm32l0xx.o
    0x08003cb8   0x08003cb8   0x00000054   Code   RO         2470    i.SystemInit        mbed/TARGET_NUCLEO_L073RZ/TOOLCHAIN_ARM_STD/system_clock.o
    0x08003d0c   0x08003d0c   0x00000060   Code   RO         2069    i.TIM_Base_SetConfig  mbed/TARGET_NUCLEO_L073RZ/TOOLCHAIN_ARM_STD/stm32l0xx_hal_tim.o
    0x08003d6c   0x08003d6c   0x000000cc   Code   RO         2249    i.UART_AdvFeatureConfig  mbed/TARGET_NUCLEO_L073RZ/TOOLCHAIN_ARM_STD/stm32l0xx_hal_uart.o
    0x08003e38   0x08003e38   0x00000058   Code   RO         2250    i.UART_CheckIdleState  mbed/TARGET_NUCLEO_L073RZ/TOOLCHAIN_ARM_STD/stm32l0xx_hal_uart.o
    0x08003e90   0x08003e90   0x00000340   Code   RO         2256    i.UART_SetConfig    mbed/TARGET_NUCLEO_L073RZ/TOOLCHAIN_ARM_STD/stm32l0xx_hal_uart.o
    0x080041d0   0x080041d0   0x000000d4   Code   RO         2257    i.UART_WaitOnFlagUntilTimeout  mbed/TARGET_NUCLEO_L073RZ/TOOLCHAIN_ARM_STD/stm32l0xx_hal_uart.o
    0x080042a4   0x080042a4   0x000000c0   Code   RO         2520    i._Z10config_RTCi   .\build\main.o
    0x08004364   0x08004364   0x00000044   Code   RO         2521    i._Z11config_EXTIv  .\build\main.o
    0x080043a8   0x080043a8   0x0000001a   Code   RO         2522    i._Z12standby_modei  .\build\main.o
    0x080043c2   0x080043c2   0x00000002   PAD
    0x080043c4   0x080043c4   0x00000020   Code   RO         2523    i._Z13enter_Standbyv  .\build\main.o
    0x080043e4   0x080043e4   0x00000038   Code   RO         2524    i._Z15config_LowPowerv  .\build\main.o
    0x0800441c   0x0800441c   0x00000078   Code   RO         2525    i._Z18__NVIC_SetPriority9IRQn_Typej  .\build\main.o
    0x08004494   0x08004494   0x00000004   Code   RO         3322    i._ZN4mbed8FileBase11getPathTypeEv  mbed/TARGET_NUCLEO_L073RZ/TOOLCHAIN_ARM_STD/mbed.ar(FileBase.o)
    0x08004498   0x08004498   0x00000070   Code   RO         3324    i._ZN4mbed8FileBase6lookupEPKcj  mbed/TARGET_NUCLEO_L073RZ/TOOLCHAIN_ARM_STD/mbed.ar(FileBase.o)
    0x08004508   0x08004508   0x00000020   Code   RO         3242    i._ZN4mbed8FilePath10fileSystemEv  mbed/TARGET_NUCLEO_L073RZ/TOOLCHAIN_ARM_STD/mbed.ar(FilePath.o)
    0x08004528   0x08004528   0x00000020   Code   RO         3244    i._ZN4mbed8FilePath4fileEv  mbed/TARGET_NUCLEO_L073RZ/TOOLCHAIN_ARM_STD/mbed.ar(FilePath.o)
    0x08004548   0x08004548   0x0000000a   Code   RO         3245    i._ZN4mbed8FilePath6existsEv  mbed/TARGET_NUCLEO_L073RZ/TOOLCHAIN_ARM_STD/mbed.ar(FilePath.o)
    0x08004552   0x08004552   0x00000018   Code   RO         3246    i._ZN4mbed8FilePath6isFileEv  mbed/TARGET_NUCLEO_L073RZ/TOOLCHAIN_ARM_STD/mbed.ar(FilePath.o)
    0x0800456a   0x0800456a   0x00000004   Code   RO         3247    i._ZN4mbed8FilePath8fileNameEv  mbed/TARGET_NUCLEO_L073RZ/TOOLCHAIN_ARM_STD/mbed.ar(FilePath.o)
    0x0800456e   0x0800456e   0x00000044   Code   RO         3248    i._ZN4mbed8FilePathC1EPKc  mbed/TARGET_NUCLEO_L073RZ/TOOLCHAIN_ARM_STD/mbed.ar(FilePath.o)
    0x080045b2   0x080045b2   0x00000030   Code   RO         3968    i.__ARM_common_ll_muluu  C:\Keil_v5\ARM\ARMCC\Bin\..\lib\armlib\c_p.l(btod.o)
    0x080045e2   0x080045e2   0x00000002   PAD
    0x080045e4   0x080045e4   0x0000002c   Code   RO         4002    i.__ARM_fpclassify  C:\Keil_v5\ARM\ARMCC\Bin\..\lib\armlib\m_ps.l(fpclassify.o)
    0x08004610   0x08004610   0x00000020   Code   RO         2527    i.__sti___8_main_cpp_a8fe1015  .\build\main.o
    0x08004630   0x08004630   0x00000008   Code   RO          248    i.__user_setup_stackheap  mbed/TARGET_NUCLEO_L073RZ/TOOLCHAIN_ARM_STD/mbed_retarget.o
    0x08004638   0x08004638   0x0000000e   Code   RO         3707    i._is_digit         C:\Keil_v5\ARM\ARMCC\Bin\..\lib\armlib\c_p.l(__printf_wp.o)
    0x08004646   0x08004646   0x00000002   PAD
    0x08004648   0x08004648   0x00000010   Code   RO          249    i._mbed_user_setup_stackheap  mbed/TARGET_NUCLEO_L073RZ/TOOLCHAIN_ARM_STD/mbed_retarget.o
    0x08004658   0x08004658   0x00000020   Code   RO          382    i._platform_post_stackheap_init  mbed/TARGET_NUCLEO_L073RZ/TOOLCHAIN_ARM_STD/mbed_sdk_boot.o
    0x08004678   0x08004678   0x00000048   Code   RO          250    i._sys_close        mbed/TARGET_NUCLEO_L073RZ/TOOLCHAIN_ARM_STD/mbed_retarget.o
    0x080046c0   0x080046c0   0x0000004c   Code   RO          253    i._sys_flen         mbed/TARGET_NUCLEO_L073RZ/TOOLCHAIN_ARM_STD/mbed_retarget.o
    0x0800470c   0x0800470c   0x00000040   Code   RO          254    i._sys_istty        mbed/TARGET_NUCLEO_L073RZ/TOOLCHAIN_ARM_STD/mbed_retarget.o
    0x0800474c   0x0800474c   0x00000218   Code   RO          255    i._sys_open         mbed/TARGET_NUCLEO_L073RZ/TOOLCHAIN_ARM_STD/mbed_retarget.o
    0x08004964   0x08004964   0x0000004c   Code   RO          257    i._sys_seek         mbed/TARGET_NUCLEO_L073RZ/TOOLCHAIN_ARM_STD/mbed_retarget.o
    0x080049b0   0x080049b0   0x00000080   Code   RO          258    i._sys_write        mbed/TARGET_NUCLEO_L073RZ/TOOLCHAIN_ARM_STD/mbed_retarget.o
    0x08004a30   0x08004a30   0x0000008c   Code   RO         3280    i.core_util_critical_section_enter  mbed/TARGET_NUCLEO_L073RZ/TOOLCHAIN_ARM_STD/mbed.ar(mbed_critical.o)
    0x08004abc   0x08004abc   0x00000058   Code   RO         3281    i.core_util_critical_section_exit  mbed/TARGET_NUCLEO_L073RZ/TOOLCHAIN_ARM_STD/mbed.ar(mbed_critical.o)
    0x08004b14   0x08004b14   0x0000002c   Code   RO         3305    i.error             mbed/TARGET_NUCLEO_L073RZ/TOOLCHAIN_ARM_STD/mbed.ar(mbed_error.o)
    0x08004b40   0x08004b40   0x00000020   Code   RO          261    i.exit              mbed/TARGET_NUCLEO_L073RZ/TOOLCHAIN_ARM_STD/mbed_retarget.o
    0x08004b60   0x08004b60   0x0000001e   Code   RO         3874    i.fputc             C:\Keil_v5\ARM\ARMCC\Bin\..\lib\armlib\c_p.l(fputc.o)
    0x08004b7e   0x08004b7e   0x00000002   PAD
    0x08004b80   0x08004b80   0x00000008   Code   RO         3194    i.get_us_ticker_data  mbed/TARGET_NUCLEO_L073RZ/TOOLCHAIN_ARM_STD/mbed.ar(mbed_us_ticker_api.o)
    0x08004b88   0x08004b88   0x00000020   Code   RO           75    i.gpio_dir          mbed/TARGET_NUCLEO_L073RZ/TOOLCHAIN_ARM_STD/gpio_api.o
    0x08004ba8   0x08004ba8   0x0000004c   Code   RO           64    i.gpio_init         mbed/TARGET_NUCLEO_L073RZ/TOOLCHAIN_ARM_STD/gpio_api.o
    0x08004bf4   0x08004bf4   0x00000028   Code   RO         3167    i.gpio_init_out     mbed/TARGET_NUCLEO_L073RZ/TOOLCHAIN_ARM_STD/mbed.ar(mbed_gpio.o)
    0x08004c1c   0x08004c1c   0x0000000e   Code   RO           65    i.gpio_mode         mbed/TARGET_NUCLEO_L073RZ/TOOLCHAIN_ARM_STD/gpio_api.o
    0x08004c2a   0x08004c2a   0x00000002   PAD
    0x08004c2c   0x08004c2c   0x00000080   Code   RO          500    i.init_uart         mbed/TARGET_NUCLEO_L073RZ/TOOLCHAIN_ARM_STD/serial_api.o
    0x08004cac   0x08004cac   0x00000064   Code   RO         2528    i.main              .\build\main.o
    0x08004d10   0x08004d10   0x00000054   Code   RO         3236    i.mbed_assert_internal  mbed/TARGET_NUCLEO_L073RZ/TOOLCHAIN_ARM_STD/mbed.ar(mbed_assert.o)
    0x08004d64   0x08004d64   0x00000054   Code   RO          218    i.mbed_die          mbed/TARGET_NUCLEO_L073RZ/TOOLCHAIN_ARM_STD/mbed_board.o
    0x08004db8   0x08004db8   0x00000058   Code   RO          219    i.mbed_error_printf  mbed/TARGET_NUCLEO_L073RZ/TOOLCHAIN_ARM_STD/mbed_board.o
    0x08004e10   0x08004e10   0x00000050   Code   RO          220    i.mbed_error_vfprintf  mbed/TARGET_NUCLEO_L073RZ/TOOLCHAIN_ARM_STD/mbed_board.o
    0x08004e60   0x08004e60   0x00000002   Code   RO          384    i.mbed_main         mbed/TARGET_NUCLEO_L073RZ/TOOLCHAIN_ARM_STD/mbed_sdk_boot.o
    0x08004e62   0x08004e62   0x00000014   Code   RO          228    i.mbed_sdk_init     mbed/TARGET_NUCLEO_L073RZ/TOOLCHAIN_ARM_STD/mbed_overrides.o
    0x08004e76   0x08004e76   0x00000002   PAD
    0x08004e78   0x08004e78   0x00000134   Code   RO          415    i.pin_function      mbed/TARGET_NUCLEO_L073RZ/TOOLCHAIN_ARM_STD/pinmap.o
    0x08004fac   0x08004fac   0x000000ac   Code   RO          416    i.pin_mode          mbed/TARGET_NUCLEO_L073RZ/TOOLCHAIN_ARM_STD/pinmap.o
    0x08005058   0x08005058   0x00000034   Code   RO         3181    i.pinmap_merge      mbed/TARGET_NUCLEO_L073RZ/TOOLCHAIN_ARM_STD/mbed.ar(mbed_pinmap_common.o)
    0x0800508c   0x0800508c   0x0000005c   Code   RO         3182    i.pinmap_peripheral  mbed/TARGET_NUCLEO_L073RZ/TOOLCHAIN_ARM_STD/mbed.ar(mbed_pinmap_common.o)
    0x080050e8   0x080050e8   0x00000054   Code   RO         3183    i.pinmap_pinout     mbed/TARGET_NUCLEO_L073RZ/TOOLCHAIN_ARM_STD/mbed.ar(mbed_pinmap_common.o)
    0x0800513c   0x0800513c   0x00000066   Code   RO         3205    i.schedule_interrupt  mbed/TARGET_NUCLEO_L073RZ/TOOLCHAIN_ARM_STD/mbed.ar(mbed_ticker_api.o)
    0x080051a2   0x080051a2   0x0000000a   Code   RO          519    i.serial_baud       mbed/TARGET_NUCLEO_L073RZ/TOOLCHAIN_ARM_STD/serial_device.o
    0x080051ac   0x080051ac   0x00000184   Code   RO          524    i.serial_init       mbed/TARGET_NUCLEO_L073RZ/TOOLCHAIN_ARM_STD/serial_device.o
    0x08005330   0x08005330   0x00000028   Code   RO          528    i.serial_putc       mbed/TARGET_NUCLEO_L073RZ/TOOLCHAIN_ARM_STD/serial_device.o
    0x08005358   0x08005358   0x0000001c   Code   RO          505    i.serial_writable   mbed/TARGET_NUCLEO_L073RZ/TOOLCHAIN_ARM_STD/serial_api.o
    0x08005374   0x08005374   0x0000005e   Code   RO         3209    i.ticker_irq_handler  mbed/TARGET_NUCLEO_L073RZ/TOOLCHAIN_ARM_STD/mbed.ar(mbed_ticker_api.o)
    0x080053d2   0x080053d2   0x00000040   Code   RO         3210    i.ticker_read       mbed/TARGET_NUCLEO_L073RZ/TOOLCHAIN_ARM_STD/mbed.ar(mbed_ticker_api.o)
    0x08005412   0x08005412   0x00000002   PAD
    0x08005414   0x08005414   0x0000009c   Code   RO          111    i.timer_irq_handler  mbed/TARGET_NUCLEO_L073RZ/TOOLCHAIN_ARM_STD/hal_tick_16b.o
    0x080054b0   0x080054b0   0x0000002c   Code   RO         3214    i.update_present_time  mbed/TARGET_NUCLEO_L073RZ/TOOLCHAIN_ARM_STD/mbed.ar(mbed_ticker_api.o)
    0x080054dc   0x080054dc   0x00000010   Code   RO         2498    i.us_ticker_clear_interrupt  mbed/TARGET_NUCLEO_L073RZ/TOOLCHAIN_ARM_STD/us_ticker_16b.o
    0x080054ec   0x080054ec   0x00000014   Code   RO         2499    i.us_ticker_disable_interrupt  mbed/TARGET_NUCLEO_L073RZ/TOOLCHAIN_ARM_STD/us_ticker_16b.o
    0x08005500   0x08005500   0x0000001c   Code   RO         2500    i.us_ticker_fire_interrupt  mbed/TARGET_NUCLEO_L073RZ/TOOLCHAIN_ARM_STD/us_ticker_16b.o
    0x0800551c   0x0800551c   0x00000002   Code   RO         2501    i.us_ticker_init    mbed/TARGET_NUCLEO_L073RZ/TOOLCHAIN_ARM_STD/us_ticker_16b.o
    0x0800551e   0x0800551e   0x00000002   PAD
    0x08005520   0x08005520   0x00000010   Code   RO         3195    i.us_ticker_irq_handler  mbed/TARGET_NUCLEO_L073RZ/TOOLCHAIN_ARM_STD/mbed.ar(mbed_us_ticker_api.o)
    0x08005530   0x08005530   0x00000048   Code   RO         2502    i.us_ticker_read    mbed/TARGET_NUCLEO_L073RZ/TOOLCHAIN_ARM_STD/us_ticker_16b.o
    0x08005578   0x08005578   0x00000080   Code   RO         2503    i.us_ticker_set_interrupt  mbed/TARGET_NUCLEO_L073RZ/TOOLCHAIN_ARM_STD/us_ticker_16b.o
    0x080055f8   0x080055f8   0x00000024   Code   RO         3313    i.wait_ms           mbed/TARGET_NUCLEO_L073RZ/TOOLCHAIN_ARM_STD/mbed.ar(mbed_wait_api_no_rtos.o)
    0x0800561c   0x0800561c   0x0000002c   Code   RO         3973    locale$$code        C:\Keil_v5\ARM\ARMCC\Bin\..\lib\armlib\c_p.l(lc_numeric_c.o)
    0x08005648   0x08005648   0x0000002c   Code   RO         4017    locale$$code        C:\Keil_v5\ARM\ARMCC\Bin\..\lib\armlib\c_p.l(lc_ctype_c.o)
    0x08005674   0x08005674   0x0000002c   Code   RO         3348    t._ZN12SingletonPtrI13PlatformMutexEptEv  mbed/TARGET_NUCLEO_L073RZ/TOOLCHAIN_ARM_STD/mbed.ar(FileBase.o)
    0x080056a0   0x080056a0   0x00000010   Code   RO         3823    x$fpl$printf1       C:\Keil_v5\ARM\ARMCC\Bin\..\lib\armlib\fz_ps.l(printf1.o)
    0x080056b0   0x080056b0   0x00000010   Code   RO         3825    x$fpl$printf2       C:\Keil_v5\ARM\ARMCC\Bin\..\lib\armlib\fz_ps.l(printf2.o)
    0x080056c0   0x080056c0   0x00000000   Code   RO         3831    x$fpl$usenofp       C:\Keil_v5\ARM\ARMCC\Bin\..\lib\armlib\fz_ps.l(usenofp.o)
    0x080056c0   0x080056c0   0x00000017   Data   RO          313    .constdata          mbed/TARGET_NUCLEO_L073RZ/TOOLCHAIN_ARM_STD/mbed_retarget.o
    0x080056d7   0x080056d7   0x00000001   PAD
    0x080056d8   0x080056d8   0x00000084   Data   RO          403    .constdata          mbed/TARGET_NUCLEO_L073RZ/TOOLCHAIN_ARM_STD/PeripheralPins.o
    0x0800575c   0x0800575c   0x00000090   Data   RO          404    .constdata          mbed/TARGET_NUCLEO_L073RZ/TOOLCHAIN_ARM_STD/PeripheralPins.o
    0x080057ec   0x080057ec   0x00000040   Data   RO          417    .constdata          mbed/TARGET_NUCLEO_L073RZ/TOOLCHAIN_ARM_STD/pinmap.o
    0x0800582c   0x0800582c   0x00000019   Data   RO         2480    .constdata          mbed/TARGET_NUCLEO_L073RZ/TOOLCHAIN_ARM_STD/system_stm32l0xx.o
    0x08005845   0x08005845   0x00000008   Data   RO         2481    .constdata          mbed/TARGET_NUCLEO_L073RZ/TOOLCHAIN_ARM_STD/system_stm32l0xx.o
    0x0800584d   0x0800584d   0x00000003   PAD
    0x08005850   0x08005850   0x00000018   Data   RO         3197    .constdata          mbed/TARGET_NUCLEO_L073RZ/TOOLCHAIN_ARM_STD/mbed.ar(mbed_us_ticker_api.o)
    0x08005868   0x08005868   0x00000008   Data   RO         3198    .constdata          mbed/TARGET_NUCLEO_L073RZ/TOOLCHAIN_ARM_STD/mbed.ar(mbed_us_ticker_api.o)
    0x08005870   0x08005870   0x00000080   Data   RO         3587    .constdata          C:\Keil_v5\ARM\ARMCC\Bin\..\lib\armlib\fz_ps.l(ddiv.o)
    0x080058f0   0x080058f0   0x00000008   Data   RO         3666    .constdata          C:\Keil_v5\ARM\ARMCC\Bin\..\lib\armlib\c_p.l(_printf_wctomb.o)
    0x080058f8   0x080058f8   0x00000028   Data   RO         3695    .constdata          C:\Keil_v5\ARM\ARMCC\Bin\..\lib\armlib\c_p.l(_printf_hex_int_ll_ptr.o)
    0x08005920   0x08005920   0x00000011   Data   RO         3715    .constdata          C:\Keil_v5\ARM\ARMCC\Bin\..\lib\armlib\c_p.l(__printf_flags_ss_wp.o)
    0x08005931   0x08005931   0x00000026   Data   RO         3864    .constdata          C:\Keil_v5\ARM\ARMCC\Bin\..\lib\armlib\c_p.l(_printf_fp_hex.o)
    0x08005957   0x08005957   0x00000001   PAD
    0x08005958   0x08005958   0x00000094   Data   RO         3964    .constdata          C:\Keil_v5\ARM\ARMCC\Bin\..\lib\armlib\c_p.l(bigflt0.o)
    0x080059ec   0x080059ec   0x00000014   Data   RO          377    .constdata__ZZN12SingletonPtrI13PlatformMutexE3getEvEs  mbed/TARGET_NUCLEO_L073RZ/TOOLCHAIN_ARM_STD/mbed_retarget.o
    0x08005a00   0x08005a00   0x0000005d   Data   RO          378    .constdata__ZZN12SingletonPtrI13PlatformMutexE3getEvEs_0  mbed/TARGET_NUCLEO_L073RZ/TOOLCHAIN_ARM_STD/mbed_retarget.o
    0x08005a5d   0x08005a5d   0x00000003   PAD
    0x08005a60   0x08005a60   0x00000056   Data   RO          418    .conststring        mbed/TARGET_NUCLEO_L073RZ/TOOLCHAIN_ARM_STD/pinmap.o
    0x08005ab6   0x08005ab6   0x00000002   PAD
    0x08005ab8   0x08005ab8   0x0000006c   Data   RO          542    .conststring        mbed/TARGET_NUCLEO_L073RZ/TOOLCHAIN_ARM_STD/serial_device.o
    0x08005b24   0x08005b24   0x00000053   Data   RO         3283    .conststring        mbed/TARGET_NUCLEO_L073RZ/TOOLCHAIN_ARM_STD/mbed.ar(mbed_critical.o)
    0x08005b77   0x08005b77   0x00000001   PAD
    0x08005b78   0x08005b78   0x00000020   Data   RO         4054    Region$$Table       anon$$obj.o
    0x08005b98   0x08005b98   0x0000001c   Data   RO         3972    locale$$data        C:\Keil_v5\ARM\ARMCC\Bin\..\lib\armlib\c_p.l(lc_numeric_c.o)
    0x08005bb4   0x08005bb4   0x00000110   Data   RO         4016    locale$$data        C:\Keil_v5\ARM\ARMCC\Bin\..\lib\armlib\c_p.l(lc_ctype_c.o)
    0x08005cc4   0x08005cc4   0x00000004   Data   RO         2539    .init_array         .\build\main.o
    0x08005cc8   0x08005cc4   0x00000000   Data   RO         3473    .init_array         C:\Keil_v5\ARM\ARMCC\Bin\..\lib\armlib\c_p.l(init_aeabi.o)


    Execution Region RW_IRAM1 (Exec base: 0x200000c0, Load base: 0x08005cc8, Size: 0x000005b0, Max: 0x00004f40, ABSOLUTE)

    Exec Addr    Load Addr    Size         Type   Attr      Idx    E Section Name        Object

    0x200000c0   0x08005cc8   0x00000004   Data   RW          112    .data               mbed/TARGET_NUCLEO_L073RZ/TOOLCHAIN_ARM_STD/hal_tick_16b.o
    0x200000c4   0x08005ccc   0x00000010   Data   RW          316    .data               mbed/TARGET_NUCLEO_L073RZ/TOOLCHAIN_ARM_STD/mbed_retarget.o
    0x200000d4   0x08005cdc   0x00000008   Data   RW          543    .data               mbed/TARGET_NUCLEO_L073RZ/TOOLCHAIN_ARM_STD/serial_device.o
    0x200000dc   0x08005ce4   0x00000004   Data   RW          614    .data               mbed/TARGET_NUCLEO_L073RZ/TOOLCHAIN_ARM_STD/stm32l0xx_hal.o
    0x200000e0   0x08005ce8   0x00000004   Data   RW         2482    .data               mbed/TARGET_NUCLEO_L073RZ/TOOLCHAIN_ARM_STD/system_stm32l0xx.o
    0x200000e4   0x08005cec   0x00000008   Data   RW         2505    .data               mbed/TARGET_NUCLEO_L073RZ/TOOLCHAIN_ARM_STD/us_ticker_16b.o
    0x200000ec   0x08005cf4   0x00000008   Data   RW         3284    .data               mbed/TARGET_NUCLEO_L073RZ/TOOLCHAIN_ARM_STD/mbed.ar(mbed_critical.o)
    0x200000f4   0x08005cfc   0x00000001   Data   RW         3306    .data               mbed/TARGET_NUCLEO_L073RZ/TOOLCHAIN_ARM_STD/mbed.ar(mbed_error.o)
    0x200000f5   0x08005cfd   0x00000003   PAD
    0x200000f8   0x08005d00   0x0000000c   Data   RW         3336    .data               mbed/TARGET_NUCLEO_L073RZ/TOOLCHAIN_ARM_STD/mbed.ar(FileBase.o)
    0x20000104   0x08005d0c   0x00000004   Data   RW         3443    .data               C:\Keil_v5\ARM\ARMCC\Bin\..\lib\armlib\c_p.l(stdio_streams.o)
    0x20000108   0x08005d10   0x00000004   Data   RW         3444    .data               C:\Keil_v5\ARM\ARMCC\Bin\..\lib\armlib\c_p.l(stdio_streams.o)
    0x2000010c   0x08005d14   0x00000004   Data   RW         3445    .data               C:\Keil_v5\ARM\ARMCC\Bin\..\lib\armlib\c_p.l(stdio_streams.o)
    0x20000110   0x08005d18   0x00000004   Data   RW         3908    .data               C:\Keil_v5\ARM\ARMCC\Bin\..\lib\armlib\c_p.l(heapauxa.o)
    0x20000114        -       0x00000144   Zero   RW          312    .bss                mbed/TARGET_NUCLEO_L073RZ/TOOLCHAIN_ARM_STD/mbed_retarget.o
    0x20000258        -       0x00000290   Zero   RW          541    .bss                mbed/TARGET_NUCLEO_L073RZ/TOOLCHAIN_ARM_STD/serial_device.o
    0x200004e8        -       0x00000038   Zero   RW         2504    .bss                mbed/TARGET_NUCLEO_L073RZ/TOOLCHAIN_ARM_STD/us_ticker_16b.o
    0x20000520        -       0x0000001c   Zero   RW         2538    .bss                .\build\main.o
    0x2000053c   0x08005d1c   0x00000004   PAD
    0x20000540        -       0x00000018   Zero   RW         3196    .bss                mbed/TARGET_NUCLEO_L073RZ/TOOLCHAIN_ARM_STD/mbed.ar(mbed_us_ticker_api.o)
    0x20000558        -       0x00000004   Zero   RW         3358    .bss                C:\Keil_v5\ARM\ARMCC\Bin\..\lib\armlib\c_p.l(rt_errno_addr.o)
    0x2000055c        -       0x00000054   Zero   RW         3440    .bss                C:\Keil_v5\ARM\ARMCC\Bin\..\lib\armlib\c_p.l(stdio_streams.o)
    0x200005b0        -       0x00000054   Zero   RW         3441    .bss                C:\Keil_v5\ARM\ARMCC\Bin\..\lib\armlib\c_p.l(stdio_streams.o)
    0x20000604        -       0x00000054   Zero   RW         3442    .bss                C:\Keil_v5\ARM\ARMCC\Bin\..\lib\armlib\c_p.l(stdio_streams.o)
    0x20000658        -       0x00000004   Zero   RW         3621    .bss                C:\Keil_v5\ARM\ARMCC\Bin\..\lib\armlib\c_p.l(rt_heap_descriptor.o)
    0x2000065c        -       0x00000014   Zero   RW         3950    .bss                C:\Keil_v5\ARM\ARMCC\Bin\..\lib\armlib\c_p.l(rt_locale.o)


==============================================================================

Image component sizes


      Code (inc. data)   RO Data    RW Data    ZI Data      Debug   Object Name

         0          0        276          0          0          0   mbed/TARGET_NUCLEO_L073RZ/TOOLCHAIN_ARM_STD/PeripheralPins.o
       330         74          0          0          0        272   mbed/TARGET_NUCLEO_L073RZ/TOOLCHAIN_ARM_STD/gpio_api.o
       336         60          0          4          0        148   mbed/TARGET_NUCLEO_L073RZ/TOOLCHAIN_ARM_STD/hal_tick_16b.o
       626         70          4          0         28     277665   .\build\main.o
       252         16          0          0          0        244   mbed/TARGET_NUCLEO_L073RZ/TOOLCHAIN_ARM_STD/mbed_board.o
        20          0          0          0          0         68   mbed/TARGET_NUCLEO_L073RZ/TOOLCHAIN_ARM_STD/mbed_overrides.o
      1008         86        136         16        324        664   mbed/TARGET_NUCLEO_L073RZ/TOOLCHAIN_ARM_STD/mbed_retarget.o
        46          6          0          0          0        200   mbed/TARGET_NUCLEO_L073RZ/TOOLCHAIN_ARM_STD/mbed_sdk_boot.o
       480         64        150          0          0        168   mbed/TARGET_NUCLEO_L073RZ/TOOLCHAIN_ARM_STD/pinmap.o
       156         32          0          0          0        128   mbed/TARGET_NUCLEO_L073RZ/TOOLCHAIN_ARM_STD/serial_api.o
       438         80        108          8        656        220   mbed/TARGET_NUCLEO_L073RZ/TOOLCHAIN_ARM_STD/serial_device.o
        28          8        192          0          0        164   mbed/TARGET_NUCLEO_L073RZ/TOOLCHAIN_ARM_STD/startup_stm32l073xx.o
        62         18          0          4          0        248   mbed/TARGET_NUCLEO_L073RZ/TOOLCHAIN_ARM_STD/stm32l0xx_hal.o
      1816        108          0          0          0        360   mbed/TARGET_NUCLEO_L073RZ/TOOLCHAIN_ARM_STD/stm32l0xx_hal_rcc.o
       412         20          0          0          0         76   mbed/TARGET_NUCLEO_L073RZ/TOOLCHAIN_ARM_STD/stm32l0xx_hal_rcc_ex.o
       246         12          0          0          0        416   mbed/TARGET_NUCLEO_L073RZ/TOOLCHAIN_ARM_STD/stm32l0xx_hal_tim.o
      1440         80          0          0          0        428   mbed/TARGET_NUCLEO_L073RZ/TOOLCHAIN_ARM_STD/stm32l0xx_hal_uart.o
       388         34          0          0          0        216   mbed/TARGET_NUCLEO_L073RZ/TOOLCHAIN_ARM_STD/system_clock.o
       144         30         33          4          0         72   mbed/TARGET_NUCLEO_L073RZ/TOOLCHAIN_ARM_STD/system_stm32l0xx.o
       266         48          0          8         56        404   mbed/TARGET_NUCLEO_L073RZ/TOOLCHAIN_ARM_STD/us_ticker_16b.o

    ----------------------------------------------------------------------
      8508        846        940         44       1068     282161   Object Totals
         0          0         32          0          0          0   (incl. Generated)
        14          0          9          0          4          0   (incl. Padding)

    ----------------------------------------------------------------------

      Code (inc. data)   RO Data    RW Data    ZI Data      Debug   Library Member Name

         8          0          0          0          0         68   C:\Keil_v5\ARM\ARMCC\Bin\..\lib\armlib\c_p.l(__main.o)
       392          6         17          0          0         76   C:\Keil_v5\ARM\ARMCC\Bin\..\lib\armlib\c_p.l(__printf_flags_ss_wp.o)
        14          0          0          0          0         60   C:\Keil_v5\ARM\ARMCC\Bin\..\lib\armlib\c_p.l(__printf_wp.o)
         0          0          0          0          0          0   C:\Keil_v5\ARM\ARMCC\Bin\..\lib\armlib\c_p.l(__rtentry.o)
        20          0          0          0          0          0   C:\Keil_v5\ARM\ARMCC\Bin\..\lib\armlib\c_p.l(__rtentry2.o)
         6          0          0          0          0          0   C:\Keil_v5\ARM\ARMCC\Bin\..\lib\armlib\c_p.l(__rtentry4.o)
        60          8          0          0          0          0   C:\Keil_v5\ARM\ARMCC\Bin\..\lib\armlib\c_p.l(__scatter.o)
        26          0          0          0          0          0   C:\Keil_v5\ARM\ARMCC\Bin\..\lib\armlib\c_p.l(__scatter_copy.o)
        28          0          0          0          0          0   C:\Keil_v5\ARM\ARMCC\Bin\..\lib\armlib\c_p.l(__scatter_zi.o)
        10          0          0          0          0          0   C:\Keil_v5\ARM\ARMCC\Bin\..\lib\armlib\c_p.l(_printf_a.o)
        10          0          0          0          0          0   C:\Keil_v5\ARM\ARMCC\Bin\..\lib\armlib\c_p.l(_printf_c.o)
        46          0          0          0          0        100   C:\Keil_v5\ARM\ARMCC\Bin\..\lib\armlib\c_p.l(_printf_char.o)
        48          6          0          0          0         88   C:\Keil_v5\ARM\ARMCC\Bin\..\lib\armlib\c_p.l(_printf_char_common.o)
        40          6          0          0          0         72   C:\Keil_v5\ARM\ARMCC\Bin\..\lib\armlib\c_p.l(_printf_char_file.o)
        38          0          0          0          0         60   C:\Keil_v5\ARM\ARMCC\Bin\..\lib\armlib\c_p.l(_printf_charcount.o)
        10          0          0          0          0          0   C:\Keil_v5\ARM\ARMCC\Bin\..\lib\armlib\c_p.l(_printf_d.o)
       108         18          0          0          0         76   C:\Keil_v5\ARM\ARMCC\Bin\..\lib\armlib\c_p.l(_printf_dec.o)
        10          0          0          0          0          0   C:\Keil_v5\ARM\ARMCC\Bin\..\lib\armlib\c_p.l(_printf_e.o)
        10          0          0          0          0          0   C:\Keil_v5\ARM\ARMCC\Bin\..\lib\armlib\c_p.l(_printf_f.o)
      1048         14          0          0          0        176   C:\Keil_v5\ARM\ARMCC\Bin\..\lib\armlib\c_p.l(_printf_fp_dec.o)
       728         10         38          0          0         84   C:\Keil_v5\ARM\ARMCC\Bin\..\lib\armlib\c_p.l(_printf_fp_hex.o)
       136         16          0          0          0         76   C:\Keil_v5\ARM\ARMCC\Bin\..\lib\armlib\c_p.l(_printf_fp_infnan.o)
        10          0          0          0          0          0   C:\Keil_v5\ARM\ARMCC\Bin\..\lib\armlib\c_p.l(_printf_g.o)
       152          4         40          0          0        148   C:\Keil_v5\ARM\ARMCC\Bin\..\lib\armlib\c_p.l(_printf_hex_int_ll_ptr.o)
        10          0          0          0          0          0   C:\Keil_v5\ARM\ARMCC\Bin\..\lib\armlib\c_p.l(_printf_i.o)
       176          0          0          0          0         84   C:\Keil_v5\ARM\ARMCC\Bin\..\lib\armlib\c_p.l(_printf_intcommon.o)
        10          0          0          0          0          0   C:\Keil_v5\ARM\ARMCC\Bin\..\lib\armlib\c_p.l(_printf_l.o)
        10          0          0          0          0          0   C:\Keil_v5\ARM\ARMCC\Bin\..\lib\armlib\c_p.l(_printf_lc.o)
        10          0          0          0          0          0   C:\Keil_v5\ARM\ARMCC\Bin\..\lib\armlib\c_p.l(_printf_ll.o)
        10          0          0          0          0          0   C:\Keil_v5\ARM\ARMCC\Bin\..\lib\armlib\c_p.l(_printf_lld.o)
        10          0          0          0          0          0   C:\Keil_v5\ARM\ARMCC\Bin\..\lib\armlib\c_p.l(_printf_lli.o)
        10          0          0          0          0          0   C:\Keil_v5\ARM\ARMCC\Bin\..\lib\armlib\c_p.l(_printf_llo.o)
        10          0          0          0          0          0   C:\Keil_v5\ARM\ARMCC\Bin\..\lib\armlib\c_p.l(_printf_llu.o)
        10          0          0          0          0          0   C:\Keil_v5\ARM\ARMCC\Bin\..\lib\armlib\c_p.l(_printf_llx.o)
       112         18          0          0          0         76   C:\Keil_v5\ARM\ARMCC\Bin\..\lib\armlib\c_p.l(_printf_longlong_dec.o)
        10          0          0          0          0          0   C:\Keil_v5\ARM\ARMCC\Bin\..\lib\armlib\c_p.l(_printf_ls.o)
        10          0          0          0          0          0   C:\Keil_v5\ARM\ARMCC\Bin\..\lib\armlib\c_p.l(_printf_n.o)
        10          0          0          0          0          0   C:\Keil_v5\ARM\ARMCC\Bin\..\lib\armlib\c_p.l(_printf_o.o)
       112         10          0          0          0        112   C:\Keil_v5\ARM\ARMCC\Bin\..\lib\armlib\c_p.l(_printf_oct_int_ll.o)
        10          0          0          0          0          0   C:\Keil_v5\ARM\ARMCC\Bin\..\lib\armlib\c_p.l(_printf_p.o)
        78          0          0          0          0        100   C:\Keil_v5\ARM\ARMCC\Bin\..\lib\armlib\c_p.l(_printf_pad.o)
         2          0          0          0          0          0   C:\Keil_v5\ARM\ARMCC\Bin\..\lib\armlib\c_p.l(_printf_percent.o)
         4          0          0          0          0          0   C:\Keil_v5\ARM\ARMCC\Bin\..\lib\armlib\c_p.l(_printf_percent_end.o)
        10          0          0          0          0          0   C:\Keil_v5\ARM\ARMCC\Bin\..\lib\armlib\c_p.l(_printf_s.o)
        82          0          0          0          0         72   C:\Keil_v5\ARM\ARMCC\Bin\..\lib\armlib\c_p.l(_printf_str.o)
        36          0          0          0          0         76   C:\Keil_v5\ARM\ARMCC\Bin\..\lib\armlib\c_p.l(_printf_truncate.o)
        10          0          0          0          0          0   C:\Keil_v5\ARM\ARMCC\Bin\..\lib\armlib\c_p.l(_printf_u.o)
        46          0          0          0          0        100   C:\Keil_v5\ARM\ARMCC\Bin\..\lib\armlib\c_p.l(_printf_wchar.o)
       188          6          8          0          0         80   C:\Keil_v5\ARM\ARMCC\Bin\..\lib\armlib\c_p.l(_printf_wctomb.o)
        10          0          0          0          0          0   C:\Keil_v5\ARM\ARMCC\Bin\..\lib\armlib\c_p.l(_printf_x.o)
        16          0          0          0          0         60   C:\Keil_v5\ARM\ARMCC\Bin\..\lib\armlib\c_p.l(_snputc.o)
        10          0          0          0          0         60   C:\Keil_v5\ARM\ARMCC\Bin\..\lib\armlib\c_p.l(_sputc.o)
        64          0          0          0          0         72   C:\Keil_v5\ARM\ARMCC\Bin\..\lib\armlib\c_p.l(_wcrtomb.o)
       488          0          0          0          0         92   C:\Keil_v5\ARM\ARMCC\Bin\..\lib\armlib\c_p.l(aeabi_sdivfast.o)
       216          6        148          0          0         80   C:\Keil_v5\ARM\ARMCC\Bin\..\lib\armlib\c_p.l(bigflt0.o)
      1456         30          0          0          0        336   C:\Keil_v5\ARM\ARMCC\Bin\..\lib\armlib\c_p.l(btod.o)
        14          0          0          0          0         68   C:\Keil_v5\ARM\ARMCC\Bin\..\lib\armlib\c_p.l(c89vfprintf.o)
        12          0          0          0          0         68   C:\Keil_v5\ARM\ARMCC\Bin\..\lib\armlib\c_p.l(defsig_exit.o)
        52          0          0          0          0         72   C:\Keil_v5\ARM\ARMCC\Bin\..\lib\armlib\c_p.l(defsig_general.o)
        80         58          0          0          0         68   C:\Keil_v5\ARM\ARMCC\Bin\..\lib\armlib\c_p.l(defsig_rtmem_inner.o)
        12          0          0          0          0         68   C:\Keil_v5\ARM\ARMCC\Bin\..\lib\armlib\c_p.l(defsig_rtmem_outer.o)
        52         38          0          0          0         68   C:\Keil_v5\ARM\ARMCC\Bin\..\lib\armlib\c_p.l(defsig_rtred_inner.o)
        12          0          0          0          0         68   C:\Keil_v5\ARM\ARMCC\Bin\..\lib\armlib\c_p.l(defsig_rtred_outer.o)
        76          4          0          0          0         76   C:\Keil_v5\ARM\ARMCC\Bin\..\lib\armlib\c_p.l(fclose.o)
         8          0          0          0          0         60   C:\Keil_v5\ARM\ARMCC\Bin\..\lib\armlib\c_p.l(ferror.o)
       104          4          0          0          0        100   C:\Keil_v5\ARM\ARMCC\Bin\..\lib\armlib\c_p.l(fflush.o)
       496         10          0          0          0         76   C:\Keil_v5\ARM\ARMCC\Bin\..\lib\armlib\c_p.l(flsbuf.o)
       232          8          0          0          0        108   C:\Keil_v5\ARM\ARMCC\Bin\..\lib\armlib\c_p.l(fopen.o)
        30          0          0          0          0         68   C:\Keil_v5\ARM\ARMCC\Bin\..\lib\armlib\c_p.l(fputc.o)
       244          4          0          0          0         76   C:\Keil_v5\ARM\ARMCC\Bin\..\lib\armlib\c_p.l(fseek.o)
        66          0          0          0          0         68   C:\Keil_v5\ARM\ARMCC\Bin\..\lib\armlib\c_p.l(ftell.o)
        98          0          0          0          0         72   C:\Keil_v5\ARM\ARMCC\Bin\..\lib\armlib\c_p.l(h1_alloc.o)
        52          0          0          0          0         68   C:\Keil_v5\ARM\ARMCC\Bin\..\lib\armlib\c_p.l(h1_extend.o)
        76          0          0          0          0         72   C:\Keil_v5\ARM\ARMCC\Bin\..\lib\armlib\c_p.l(h1_free.o)
        14          0          0          0          0         76   C:\Keil_v5\ARM\ARMCC\Bin\..\lib\armlib\c_p.l(h1_init.o)
        80          4          0          4          0         88   C:\Keil_v5\ARM\ARMCC\Bin\..\lib\armlib\c_p.l(heapauxa.o)
         4          0          0          0          0        120   C:\Keil_v5\ARM\ARMCC\Bin\..\lib\armlib\c_p.l(hguard.o)
         0          0          0          0          0          0   C:\Keil_v5\ARM\ARMCC\Bin\..\lib\armlib\c_p.l(indicate_semi.o)
        36         10          0          0          0         72   C:\Keil_v5\ARM\ARMCC\Bin\..\lib\armlib\c_p.l(init_aeabi.o)
       136          0          0          0          0        160   C:\Keil_v5\ARM\ARMCC\Bin\..\lib\armlib\c_p.l(init_alloc.o)
       316         44          0          0          0         96   C:\Keil_v5\ARM\ARMCC\Bin\..\lib\armlib\c_p.l(initio.o)
        44         10        272          0          0         76   C:\Keil_v5\ARM\ARMCC\Bin\..\lib\armlib\c_p.l(lc_ctype_c.o)
        44         10         28          0          0         76   C:\Keil_v5\ARM\ARMCC\Bin\..\lib\armlib\c_p.l(lc_numeric_c.o)
         2          0          0          0          0          0   C:\Keil_v5\ARM\ARMCC\Bin\..\lib\armlib\c_p.l(libinit.o)
        46          0          0          0          0          0   C:\Keil_v5\ARM\ARMCC\Bin\..\lib\armlib\c_p.l(libinit2.o)
         0          0          0          0          0          0   C:\Keil_v5\ARM\ARMCC\Bin\..\lib\armlib\c_p.l(libshutdown2.o)
       122          0          0          0          0         72   C:\Keil_v5\ARM\ARMCC\Bin\..\lib\armlib\c_p.l(lludiv10.o)
         0          0          0          0          0          0   C:\Keil_v5\ARM\ARMCC\Bin\..\lib\armlib\c_p.l(maybetermalloc1.o)
        16          4          0          0          0         76   C:\Keil_v5\ARM\ARMCC\Bin\..\lib\armlib\c_p.l(rt_ctype_table.o)
         8          4          0          0          4         68   C:\Keil_v5\ARM\ARMCC\Bin\..\lib\armlib\c_p.l(rt_errno_addr.o)
         8          4          0          0          4         68   C:\Keil_v5\ARM\ARMCC\Bin\..\lib\armlib\c_p.l(rt_heap_descriptor.o)
         8          4          0          0         20         68   C:\Keil_v5\ARM\ARMCC\Bin\..\lib\armlib\c_p.l(rt_locale.o)
        64          0          0          0          0        108   C:\Keil_v5\ARM\ARMCC\Bin\..\lib\armlib\c_p.l(rt_memclr.o)
        56          0          0          0          0         68   C:\Keil_v5\ARM\ARMCC\Bin\..\lib\armlib\c_p.l(rt_memcpy.o)
        40          0          0          0          0         60   C:\Keil_v5\ARM\ARMCC\Bin\..\lib\armlib\c_p.l(rtudiv10.o)
        76          4          0          0          0         72   C:\Keil_v5\ARM\ARMCC\Bin\..\lib\armlib\c_p.l(setvbuf.o)
       240          8          0          0          0        144   C:\Keil_v5\ARM\ARMCC\Bin\..\lib\armlib\c_p.l(stdio.o)
         0          0          0         12        252          0   C:\Keil_v5\ARM\ARMCC\Bin\..\lib\armlib\c_p.l(stdio_streams.o)
       160          4          0          0          0         80   C:\Keil_v5\ARM\ARMCC\Bin\..\lib\armlib\c_p.l(strcmpv6m.o)
        68          6          0          0          0         72   C:\Keil_v5\ARM\ARMCC\Bin\..\lib\armlib\c_p.l(strlen.o)
       160          6          0          0          0         76   C:\Keil_v5\ARM\ARMCC\Bin\..\lib\armlib\c_p.l(strncmp.o)
        12          4          0          0          0         60   C:\Keil_v5\ARM\ARMCC\Bin\..\lib\armlib\c_p.l(sys_exit.o)
        12          0          0          0          0         68   C:\Keil_v5\ARM\ARMCC\Bin\..\lib\armlib\c_p.l(sys_wrch.o)
         2          0          0          0          0         68   C:\Keil_v5\ARM\ARMCC\Bin\..\lib\armlib\c_p.l(use_no_semi.o)
        56          6          0          0          0         72   C:\Keil_v5\ARM\ARMCC\Bin\..\lib\armlib\c_p.l(vsnprintf.o)
       856         20          0          0          0        208   C:\Keil_v5\ARM\ARMCC\Bin\..\lib\armlib\fz_ps.l(daddsub.o)
      1096         26        128          0          0        112   C:\Keil_v5\ARM\ARMCC\Bin\..\lib\armlib\fz_ps.l(ddiv.o)
        72          4          0          0          0         68   C:\Keil_v5\ARM\ARMCC\Bin\..\lib\armlib\fz_ps.l(dfixui.o)
        88          0          0          0          0         92   C:\Keil_v5\ARM\ARMCC\Bin\..\lib\armlib\fz_ps.l(dflti.o)
       132          4          0          0          0        100   C:\Keil_v5\ARM\ARMCC\Bin\..\lib\armlib\fz_ps.l(dfltl.o)
        96         12          0          0          0         72   C:\Keil_v5\ARM\ARMCC\Bin\..\lib\armlib\fz_ps.l(dscalbn.o)
        16          4          0          0          0         76   C:\Keil_v5\ARM\ARMCC\Bin\..\lib\armlib\fz_ps.l(printf1.o)
        16          4          0          0          0         76   C:\Keil_v5\ARM\ARMCC\Bin\..\lib\armlib\fz_ps.l(printf2.o)
         0          0          0          0          0          0   C:\Keil_v5\ARM\ARMCC\Bin\..\lib\armlib\fz_ps.l(usenofp.o)
        44          4          0          0          0         60   C:\Keil_v5\ARM\ARMCC\Bin\..\lib\armlib\m_ps.l(fpclassify.o)
       160         24          0         12          0        200   mbed/TARGET_NUCLEO_L073RZ/TOOLCHAIN_ARM_STD/mbed.ar(FileBase.o)
       170          0          0          0          0        392   mbed/TARGET_NUCLEO_L073RZ/TOOLCHAIN_ARM_STD/mbed.ar(FilePath.o)
        84         54          0          0          0         72   mbed/TARGET_NUCLEO_L073RZ/TOOLCHAIN_ARM_STD/mbed.ar(mbed_assert.o)
       228         98         83          8          0        140   mbed/TARGET_NUCLEO_L073RZ/TOOLCHAIN_ARM_STD/mbed.ar(mbed_critical.o)
        44          6          0          1          0         84   mbed/TARGET_NUCLEO_L073RZ/TOOLCHAIN_ARM_STD/mbed.ar(mbed_error.o)
        40          0          0          0          0         72   mbed/TARGET_NUCLEO_L073RZ/TOOLCHAIN_ARM_STD/mbed.ar(mbed_gpio.o)
       228         76          0          0          0        204   mbed/TARGET_NUCLEO_L073RZ/TOOLCHAIN_ARM_STD/mbed.ar(mbed_pinmap_common.o)
       304          0          0          0          0        288   mbed/TARGET_NUCLEO_L073RZ/TOOLCHAIN_ARM_STD/mbed.ar(mbed_ticker_api.o)
        24         10         32          0         24        128   mbed/TARGET_NUCLEO_L073RZ/TOOLCHAIN_ARM_STD/mbed.ar(mbed_us_ticker_api.o)
        36          0          0          0          0         72   mbed/TARGET_NUCLEO_L073RZ/TOOLCHAIN_ARM_STD/mbed.ar(mbed_wait_api_no_rtos.o)

    ----------------------------------------------------------------------
     13508        762        796         40        304       8388   Library Totals
        24          0          2          3          0          0   (incl. Padding)

    ----------------------------------------------------------------------

      Code (inc. data)   RO Data    RW Data    ZI Data      Debug   Library Name

      9750        416        551         16        280       5872   C:\Keil_v5\ARM\ARMCC\Bin\..\lib\armlib\c_p.l
      2372         74        128          0          0        804   C:\Keil_v5\ARM\ARMCC\Bin\..\lib\armlib\fz_ps.l
        44          4          0          0          0         60   C:\Keil_v5\ARM\ARMCC\Bin\..\lib\armlib\m_ps.l
      1318        268        115         21         24       1652   mbed/TARGET_NUCLEO_L073RZ/TOOLCHAIN_ARM_STD/mbed.ar

    ----------------------------------------------------------------------
     13508        762        796         40        304       8388   Library Totals

    ----------------------------------------------------------------------

==============================================================================


      Code (inc. data)   RO Data    RW Data    ZI Data      Debug   

     22016       1608       1736         84       1372     283345   Grand Totals
     22016       1608       1736         84       1372     283345   ELF Image Totals
     22016       1608       1736         84          0          0   ROM Totals

==============================================================================

    Total RO  Size (Code + RO Data)                23752 (  23.20kB)
    Total RW  Size (RW Data + ZI Data)              1456 (   1.42kB)
    Total ROM Size (Code + RO Data + RW Data)      23836 (  23.28kB)

==============================================================================

